Archive member included because of file (symbol)

/home/jifukui/jifukuistudy/work/BCM5333x/systems/bcm95333x/lib/libcfe.a(background.o)
                              board_init.o (task_add)
/home/jifukui/jifukuistudy/work/BCM5333x/systems/bcm95333x/lib/libcfe.a(link.o)
                              board_init.o (sys_register_linkchange)
/home/jifukui/jifukuistudy/work/BCM5333x/systems/bcm95333x/lib/libcfe.a(main.o)
                              low_mem.o (main)
/home/jifukui/jifukuistudy/work/BCM5333x/systems/bcm95333x/lib/libcfe.a(rx.o)
                              /home/jifukui/jifukuistudy/work/BCM5333x/systems/bcm95333x/lib/libcfe.a(main.o) (sys_rx_add_buffer)
/home/jifukui/jifukuistudy/work/BCM5333x/systems/bcm95333x/lib/libcfe.a(timer.o)
                              /home/jifukui/jifukuistudy/work/BCM5333x/systems/bcm95333x/lib/libcfe.a(main.o) (sys_timer_init)
/home/jifukui/jifukuistudy/work/BCM5333x/systems/bcm95333x/lib/libcfe.a(tx.o)
                              /home/jifukui/jifukuistudy/work/BCM5333x/systems/bcm95333x/lib/libcfe.a(main.o) (sys_tx_init)
/home/jifukui/jifukuistudy/work/BCM5333x/systems/bcm95333x/lib/libcfe.a(sal_alloc.o)
                              board.o (sal_malloc)
/home/jifukui/jifukuistudy/work/BCM5333x/systems/bcm95333x/lib/libcfe.a(sal_console.o)
                              board_init.o (sal_printf)
/home/jifukui/jifukuistudy/work/BCM5333x/systems/bcm95333x/lib/libcfe.a(sal_init.o)
                              /home/jifukui/jifukuistudy/work/BCM5333x/systems/bcm95333x/lib/libcfe.a(main.o) (sal_init)
/home/jifukui/jifukuistudy/work/BCM5333x/systems/bcm95333x/lib/libcfe.a(sal_libc.o)
                              board.o (lib_xtoi)
/home/jifukui/jifukuistudy/work/BCM5333x/systems/bcm95333x/lib/libcfe.a(sal_printf.o)
                              /home/jifukui/jifukuistudy/work/BCM5333x/systems/bcm95333x/lib/libcfe.a(sal_console.o) (vsprintf)
/home/jifukui/jifukuistudy/work/BCM5333x/systems/bcm95333x/lib/libcfe.a(sal_timer.o)
                              /home/jifukui/jifukuistudy/work/BCM5333x/systems/bcm95333x/lib/libcfe.a(timer.o) (sal_get_ticks)
/home/jifukui/jifukuistudy/work/BCM5333x/systems/bcm95333x/lib/libcfe.a(sal_config.o)
                              board_init.o (sal_config_uint16_get)
/home/jifukui/jifukuistudy/work/BCM5333x/systems/bcm95333x/lib/libcfe.a(app_init.o)
                              /home/jifukui/jifukuistudy/work/BCM5333x/systems/bcm95333x/lib/libcfe.a(main.o) (appl_init)
/home/jifukui/jifukuistudy/work/BCM5333x/systems/bcm95333x/lib/libcfe.a(igmpsnoop.o)
                              /home/jifukui/jifukuistudy/work/BCM5333x/systems/bcm95333x/lib/libcfe.a(app_init.o) (igmpsnoop_database_init)
/home/jifukui/jifukuistudy/work/BCM5333x/systems/bcm95333x/lib/libcfe.a(igmpsnoop_cbk.o)
                              /home/jifukui/jifukuistudy/work/BCM5333x/systems/bcm95333x/lib/libcfe.a(igmpsnoop.o) (compose_mc_mac)
/home/jifukui/jifukuistudy/work/BCM5333x/systems/bcm95333x/lib/libcfe.a(ui_utils.o)
                              board.o (l3_ipmc_id_get)
/home/jifukui/jifukuistudy/work/BCM5333x/systems/bcm95333x/lib/libcfe.a(net_utils.o)
                              /home/jifukui/jifukuistudy/work/BCM5333x/systems/bcm95333x/lib/libcfe.a(main.o) (net_utils_init)
/home/jifukui/jifukuistudy/work/BCM5333x/systems/bcm95333x/lib/libcfe.a(ports_utils.o)
                              /home/jifukui/jifukuistudy/work/BCM5333x/systems/bcm95333x/lib/libcfe.a(igmpsnoop.o) (uplist_is_empty)
/home/jifukui/jifukuistudy/work/BCM5333x/systems/bcm95333x/lib/libcfe.a(nvram_utils.o)
                              board_init.o (nvram_init)
/home/jifukui/jifukuistudy/work/BCM5333x/systems/bcm95333x/lib/libcfe.a(system_utils.o)
                              board_init.o (get_system_mac)
/home/jifukui/jifukuistudy/work/BCM5333x/systems/bcm95333x/lib/libcfe.a(cli.o)
                              /home/jifukui/jifukuistudy/work/BCM5333x/systems/bcm95333x/lib/libcfe.a(main.o) (cli)
/home/jifukui/jifukuistudy/work/BCM5333x/systems/bcm95333x/lib/libcfe.a(ui_switch.o)
                              /home/jifukui/jifukuistudy/work/BCM5333x/systems/bcm95333x/lib/libcfe.a(app_init.o) (ui_switch_init)
/home/jifukui/jifukuistudy/work/BCM5333x/systems/bcm95333x/lib/libcfe.a(ui_system.o)
                              /home/jifukui/jifukuistudy/work/BCM5333x/systems/bcm95333x/lib/libcfe.a(app_init.o) (ui_system_init)
/home/jifukui/jifukuistudy/work/BCM5333x/systems/bcm95333x/lib/libcfe.a(ui_flash.o)
                              /home/jifukui/jifukuistudy/work/BCM5333x/systems/bcm95333x/lib/libcfe.a(app_init.o) (ui_flash_init)
/home/jifukui/jifukuistudy/work/BCM5333x/systems/bcm95333x/lib/libcfe.a(ui_igmpsnoop.o)
                              /home/jifukui/jifukuistudy/work/BCM5333x/systems/bcm95333x/lib/libcfe.a(app_init.o) (ui_igmpsnoop_init)
/home/jifukui/jifukuistudy/work/BCM5333x/systems/bcm95333x/lib/libcfe.a(ui_rx.o)
[...]
Memory Configuration

Name             Origin             Length             Attributes
L2CRAM           0x80000000         0x00020000
SRAM             0x1b000000         0x00004000
*default*        0x00000000         0xffffffff

Linker script and memory map

                0x1c060040                reset_addr = 0x1c060040
                0x1c060040                . = reset_addr

.text           0x1c060040    0x8d414
                0x1c060040                text_start = .
 low_mem*.o(.text*)
 .text          0x1c060040      0x400 low_mem.o
                0x1c060040                reset
                0x1c0603dc                bss_start_ref
                0x1c0603e0                bss_end_ref
                0x1c0603e4                itcm_start_ref
                0x1c0603e8                itcm_end_ref
                0x1c0603ec                text_end_ref
                0x1c0603f0                data_start_ref
                0x1c0603f4                data_end_ref
                0x1c0603f8                __rel_dyn_start_ref
                0x1c0603fc                data_rel_start_ref
                0x1c060400                data_rel_end_ref
                0x1c060404                dtcm_endaddr_ref
                0x1c060408                boot_stack_ref
                0x1c06040c                data_rel2_start_ref
                0x1c060410                data_rel2_end_ref
 .text.__traps  0x1c060440      0x1b0 low_mem.o
                0x1c060440                __traps
                0x1c0605ec                exception_stack_ref
 .text.l2cc_init
                0x1c0605f0      0x200 low_mem.o
                0x1c0605f0                l2cc_init
 .text.relocate
                0x1c0607f0       0x58 low_mem.o
                0x1c0607f0                relocate
 .text.enable_arm_cyclecount
                0x1c060848       0x20 low_mem.o
                0x1c060848                enable_arm_cyclecount
 .text._getticks
                0x1c060868        0x6 low_mem.o
                0x1c060868                _getticks
 low_mem*.o(.rodata)
 .rodata        0x1c06086e        0x8 low_mem.o
                0x1c06086e                mem_heapstart
                0x1c060872                mem_dmaheapstart
 *(.text*)
 *fill*         0x1c060876        0x2 
 .text.board_phy_init_callback
                0x1c060878      0x1b8 board_init.o
                0x1c060878                board_phy_init_callback
 .text.board_console_init
                0x1c060a30       0xb8 board_init.o
                0x1c060a30                board_console_init
 .text.board_early_init
                0x1c060ae8       0x78 board_init.o
                0x1c060ae8                board_early_init
 .text.bcm5333x_fp_init
                0x1c060b60      0x44c board_init.o
 .text.board_init
                0x1c060fac      0x19c board_init.o
                0x1c060fac                board_init
 .text.board_late_init
                0x1c061148        0xc board_init.o
                0x1c061148                board_late_init
 .text.board_name
                0x1c061154       0x18 board.o
                0x1c061154                board_name
 .text.board_uport_count
                0x1c06116c       0x10 board.o
                0x1c06116c                board_uport_count
 .text.board_uport_to_lport
                0x1c06117c      0x110 board.o
                0x1c06117c                board_uport_to_lport
 .text.board_lport_to_uport
                0x1c06128c      0x100 board.o
                0x1c06128c                board_lport_to_uport
 .text.board_uplist_to_lpbmp
                0x1c06138c       0x8c board.o
                0x1c06138c                board_uplist_to_lpbmp
 .text.board_uport_to_lpbmp
                0x1c061418       0x60 board.o
                0x1c061418                board_uport_to_lpbmp
 .text.board_lpbmp_to_uplist
                0x1c061478       0xc8 board.o
                0x1c061478                board_lpbmp_to_uplist
 .text.board_get_soc_by_unit
                0x1c061540       0x2c board.o
                0x1c061540                board_get_soc_by_unit
 .text.board_port_enable_get
                0x1c06156c      0x244 board.o
                0x1c06156c                board_port_enable_get
 .text.board_port_enable_set
                0x1c0617b0      0x314 board.o
                0x1c0617b0                board_port_enable_set
 .text.board_get_port_link_status
                0x1c061ac4       0x98 board.o
                0x1c061ac4                board_get_port_link_status
 .text.board_reset
                0x1c061b5c       0x24 board.o
                0x1c061b5c                board_reset
 .text.board_firmware_version_get
                0x1c061b80       0x30 board.o
                0x1c061b80                board_firmware_version_get
 .text.board_rx_set_handler
                0x1c061bb0       0x18 board.o
                0x1c061bb0                board_rx_set_handler
 .text.board_rx_fill_buffer
                0x1c061bc8       0x18 board.o
                0x1c061bc8                board_rx_fill_buffer
 .text.board_tx
                0x1c061be0       0x1c board.o
                0x1c061be0                board_tx
 .text.board_get_flash_dev
                0x1c061bfc       0x10 board.o
                0x1c061bfc                board_get_flash_dev
 .text.board_loader_mode_set
                0x1c061c0c       0x28 board.o
                0x1c061c0c                board_loader_mode_set
 .text.board_vlan_type_set
                0x1c061c34       0x1c board.o
                0x1c061c34                board_vlan_type_set
 .text.board_vlan_type_get
                0x1c061c50       0x18 board.o
                0x1c061c50                board_vlan_type_get
 .text.board_vlan_create
                0x1c061c68       0x1c board.o
                0x1c061c68                board_vlan_create
 .text.board_vlan_destroy
                0x1c061c84       0x1c board.o
                0x1c061c84                board_vlan_destroy
 .text.board_pvlan_port_set
                0x1c061ca0       0x20 board.o
                0x1c061ca0                board_pvlan_port_set
 .text.board_pvlan_port_get
                0x1c061cc0       0x20 board.o
                0x1c061cc0                board_pvlan_port_get
 .text.board_untagged_vlan_set
                0x1c061ce0       0x9c board.o
                0x1c061ce0                board_untagged_vlan_set
 .text.board_untagged_vlan_get
                0x1c061d7c       0x84 board.o
                0x1c061d7c                board_untagged_vlan_get
 .text.board_qvlan_port_set
                0x1c061e00       0x24 board.o
                0x1c061e00                board_qvlan_port_set
 .text.board_qvlan_port_get
                0x1c061e24       0x24 board.o
                0x1c061e24                board_qvlan_port_get
 .text.board_vlan_count
                0x1c061e48       0x10 board.o
                0x1c061e48                board_vlan_count
 .text.board_qvlan_get_by_index
                0x1c061e58       0x28 board.o
                0x1c061e58                board_qvlan_get_by_index
 .text.board_port_mode_get
                0x1c061e80      0x3d4 board.o
                0x1c061e80                board_port_mode_get
 .text.board_port_pause_get
                0x1c062254       0xa0 board.o
                0x1c062254                board_port_pause_get
 .text.board_port_an_get
                0x1c0622f4      0x168 board.o
                0x1c0622f4                board_port_an_get
 .text.board_port_cable_diag
                0x1c06245c       0x20 board.o
                0x1c06245c                board_port_cable_diag
 .text.board_get_cable_diag_support_by_port
                0x1c06247c       0xc8 board.o
                0x1c06247c                board_get_cable_diag_support_by_port
 .text.board_cable_diag_port_count
                0x1c062544       0x48 board.o
                0x1c062544                board_cable_diag_port_count
 .text.board_lag_set
                0x1c06258c      0x1fc board.o
                0x1c06258c                board_lag_set
 .text.board_lag_get
                0x1c062788       0x24 board.o
                0x1c062788                board_lag_get
 .text.board_lag_group_set
                0x1c0627ac      0x1f0 board.o
                0x1c0627ac                board_lag_group_set
 .text.board_lag_group_get
                0x1c06299c       0x6c board.o
                0x1c06299c                board_lag_group_get
 .text.board_lag_group_max_num
                0x1c062a08       0x18 board.o
                0x1c062a08                board_lag_group_max_num
 .text.board_lag_linkchange
                0x1c062a20      0x120 board.o
                0x1c062a20                board_lag_linkchange
 .text.board_mirror_to_set
                0x1c062b40       0x80 board.o
                0x1c062b40                board_mirror_to_set
 .text.board_mirror_to_get
                0x1c062bc0       0x54 board.o
                0x1c062bc0                board_mirror_to_get
 .text.board_mirror_port_set
                0x1c062c14      0x2f4 board.o
                0x1c062c14                board_mirror_port_set
 .text.board_mirror_port_get
                0x1c062f08       0x7c board.o
                0x1c062f08                board_mirror_port_get
 .text.board_qos_type_set
                0x1c062f84      0x3f4 board.o
                0x1c062f84                board_qos_type_set
 .text.board_qos_type_get
                0x1c063378       0x28 board.o
                0x1c063378                board_qos_type_get
 .text.board_untagged_priority_set
                0x1c0633a0      0x21c board.o
                0x1c0633a0                board_untagged_priority_set
 .text.board_untagged_priority_get
                0x1c0635bc       0x80 board.o
                0x1c0635bc                board_untagged_priority_get
 .text.board_port_rate_ingress_set
                0x1c06363c      0x3d8 board.o
                0x1c06363c                board_port_rate_ingress_set
 .text.board_port_rate_ingress_get
                0x1c063a14      0x1dc board.o
                0x1c063a14                board_port_rate_ingress_get
 .text.board_port_rate_egress_set
                0x1c063bf0      0x174 board.o
                0x1c063bf0                board_port_rate_egress_set
 .text.board_port_rate_egress_get
                0x1c063d64      0x174 board.o
                0x1c063d64                board_port_rate_egress_get
 .text.board_rate_type_set
                0x1c063ed8       0x5c board.o
                0x1c063ed8                board_rate_type_set
 .text.board_rate_type_get
                0x1c063f34       0x28 board.o
                0x1c063f34                board_rate_type_get
 .text.board_rate_set
                0x1c063f5c      0x234 board.o
                0x1c063f5c                board_rate_set
 .text.board_rate_get
                0x1c064190       0xac board.o
                0x1c064190                board_rate_get
 .text.board_port_stat_get
                0x1c06423c      0xa8c board.o
                0x1c06423c                board_port_stat_get
 .text.board_port_stat_clear
                0x1c064cc8      0x8f0 board.o
                0x1c064cc8                board_port_stat_clear
 .text.board_port_stat_clear_all
                0x1c0655b8       0x3c board.o
                0x1c0655b8                board_port_stat_clear_all
 .text.board_mcast_addr_add
                0x1c0655f4      0x2ac board.o
                0x1c0655f4                board_mcast_addr_add
 .text.board_mcast_addr_remove
                0x1c0658a0      0x394 board.o
                0x1c0658a0                board_mcast_addr_remove
 .text.board_mcast_port_add
                0x1c065c34      0x194 board.o
                0x1c065c34                board_mcast_port_add
 .text.board_mcast_port_remove
                0x1c065dc8      0x1ac board.o
                0x1c065dc8                board_mcast_port_remove
 .text.board_mcast_port_get
                0x1c065f74       0x8c board.o
                0x1c065f74                board_mcast_port_get
 .text.board_igmp_snoop_enable_set
                0x1c066000       0x88 board.o
                0x1c066000                board_igmp_snoop_enable_set
 .text.board_block_unknown_mcast_set
                0x1c066088       0xc8 board.o
                0x1c066088                board_block_unknown_mcast_set
 .text.board_block_unknown_mcast_get
                0x1c066150       0x44 board.o
                0x1c066150                board_block_unknown_mcast_get
 .text.board_loop_detect_enable
                0x1c066194       0x18 board.o
                0x1c066194                board_loop_detect_enable
 .text.board_loop_detect_status_get
                0x1c0661ac       0x10 board.o
                0x1c0661ac                board_loop_detect_status_get
 .text.board_port_loopback_enable_set
                0x1c0661bc       0x8c board.o
                0x1c0661bc                board_port_loopback_enable_set
 .text.board_mdns_enable_set
                0x1c066248       0x20 board.o
                0x1c066248                board_mdns_enable_set
 .text.board_snaketest_trap_to_cpu
                0x1c066268       0x40 board.o
                0x1c066268                board_snaketest_trap_to_cpu
 .text.board_reset_button_get
                0x1c0662a8       0xac board.o
                0x1c0662a8                board_reset_button_get
 .text.board_lport_stat_get
                0x1c066354      0x8d8 board.o
                0x1c066354                board_lport_stat_get
 .text.background_init
                0x1c066c2c       0x18 /home/jifukui/jifukuistudy/work/BCM5333x/systems/bcm95333x/lib/libcfe.a(background.o)
                0x1c066c2c                background_init
 .text.task_add
                0x1c066c44       0x70 /home/jifukui/jifukuistudy/work/BCM5333x/systems/bcm95333x/lib/libcfe.a(background.o)
                0x1c066c44                task_add
 .text.task_suspend
                0x1c066cb4       0x60 /home/jifukui/jifukuistudy/work/BCM5333x/systems/bcm95333x/lib/libcfe.a(background.o)
                0x1c066cb4                task_suspend
 .text.background
                0x1c066d14       0x64 /home/jifukui/jifukuistudy/work/BCM5333x/systems/bcm95333x/lib/libcfe.a(background.o)
                0x1c066d14                background
 .text.sys_register_linkchange
                0x1c066d78       0x60 /home/jifukui/jifukuistudy/work/BCM5333x/systems/bcm95333x/lib/libcfe.a(link.o)
                0x1c066d78                sys_register_linkchange
 .text.sys_linkchange_timer
                0x1c066dd8       0x9c /home/jifukui/jifukuistudy/work/BCM5333x/systems/bcm95333x/lib/libcfe.a(link.o)
                0x1c066dd8                sys_linkchange_timer
 .text.sys_linkchange_init
                0x1c066e74       0x70 /home/jifukui/jifukuistudy/work/BCM5333x/systems/bcm95333x/lib/libcfe.a(link.o)
                0x1c066e74                sys_linkchange_init
 .text.main     0x1c066ee4       0xac /home/jifukui/jifukuistudy/work/BCM5333x/systems/bcm95333x/lib/libcfe.a(main.o)
                0x1c066ee4                main
 .text.sys_rx_register
                0x1c066f90      0x188 /home/jifukui/jifukuistudy/work/BCM5333x/systems/bcm95333x/lib/libcfe.a(rx.o)
                0x1c066f90                sys_rx_register
 .text.sys_rx_unregister
                0x1c067118       0x84 /home/jifukui/jifukuistudy/work/BCM5333x/systems/bcm95333x/lib/libcfe.a(rx.o)
                0x1c067118                sys_rx_unregister
 .text.sys_rx_refill
                0x1c06719c       0x48 /home/jifukui/jifukuistudy/work/BCM5333x/systems/bcm95333x/lib/libcfe.a(rx.o)
                0x1c06719c                sys_rx_refill
 .text.sys_rx_handler
                0x1c0671e4       0x9c /home/jifukui/jifukuistudy/work/BCM5333x/systems/bcm95333x/lib/libcfe.a(rx.o)
                0x1c0671e4                sys_rx_handler
 .text.sys_rx_add_buffer
                0x1c067280       0x54 /home/jifukui/jifukuistudy/work/BCM5333x/systems/bcm95333x/lib/libcfe.a(rx.o)
                0x1c067280                sys_rx_add_buffer
 .text.sys_rx_init
                0x1c0672d4       0x6c /home/jifukui/jifukuistudy/work/BCM5333x/systems/bcm95333x/lib/libcfe.a(rx.o)
                0x1c0672d4                sys_rx_init
 .text.sys_timer_task
                0x1c067340       0xb0 /home/jifukui/jifukuistudy/work/BCM5333x/systems/bcm95333x/lib/libcfe.a(timer.o)
                0x1c067340                sys_timer_task
 .text.sys_timer_init
                0x1c0673f0       0x5c /home/jifukui/jifukuistudy/work/BCM5333x/systems/bcm95333x/lib/libcfe.a(timer.o)
                0x1c0673f0                sys_timer_init
 .text.timer_add
                0x1c06744c      0x1a8 /home/jifukui/jifukuistudy/work/BCM5333x/systems/bcm95333x/lib/libcfe.a(timer.o)
                0x1c06744c                timer_add
 .text.timer_remove
                0x1c0675f4      0x180 /home/jifukui/jifukuistudy/work/BCM5333x/systems/bcm95333x/lib/libcfe.a(timer.o)
                0x1c0675f4                timer_remove
 .text.sys_tx_sync_cbk
                0x1c067774       0x28 /home/jifukui/jifukuistudy/work/BCM5333x/systems/bcm95333x/lib/libcfe.a(tx.o)
                0x1c067774                sys_tx_sync_cbk
 .text.sys_tx   0x1c06779c       0x80 /home/jifukui/jifukuistudy/work/BCM5333x/systems/bcm95333x/lib/libcfe.a(tx.o)
                0x1c06779c                sys_tx
 .text.sys_tx_init
                0x1c06781c        0xc /home/jifukui/jifukuistudy/work/BCM5333x/systems/bcm95333x/lib/libcfe.a(tx.o)
                0x1c06781c                sys_tx_init
 .text._sal_alloc_init
                0x1c067828       0x60 /home/jifukui/jifukuistudy/work/BCM5333x/systems/bcm95333x/lib/libcfe.a(sal_alloc.o)
 .text.sal_alloc_init
                0x1c067888       0x28 /home/jifukui/jifukuistudy/work/BCM5333x/systems/bcm95333x/lib/libcfe.a(sal_alloc.o)
                0x1c067888                sal_alloc_init
 .text.sal_dma_alloc_init
                0x1c0678b0       0x28 /home/jifukui/jifukuistudy/work/BCM5333x/systems/bcm95333x/lib/libcfe.a(sal_alloc.o)
                0x1c0678b0                sal_dma_alloc_init
 .text.kmemcompact
                0x1c0678d8       0x88 /home/jifukui/jifukuistudy/work/BCM5333x/systems/bcm95333x/lib/libcfe.a(sal_alloc.o)
 .text._sal_free
                0x1c067960       0x60 /home/jifukui/jifukuistudy/work/BCM5333x/systems/bcm95333x/lib/libcfe.a(sal_alloc.o)
 .text._sal_malloc
                0x1c0679c0      0x170 /home/jifukui/jifukuistudy/work/BCM5333x/systems/bcm95333x/lib/libcfe.a(sal_alloc.o)
 .text.sal_malloc
                0x1c067b30       0x24 /home/jifukui/jifukuistudy/work/BCM5333x/systems/bcm95333x/lib/libcfe.a(sal_alloc.o)
                0x1c067b30                sal_malloc
 .text.sal_free
                0x1c067b54       0x20 /home/jifukui/jifukuistudy/work/BCM5333x/systems/bcm95333x/lib/libcfe.a(sal_alloc.o)
                0x1c067b54                sal_free
 .text.sal_dma_malloc
                0x1c067b74       0x24 /home/jifukui/jifukuistudy/work/BCM5333x/systems/bcm95333x/lib/libcfe.a(sal_alloc.o)
                0x1c067b74                sal_dma_malloc
 .text.sal_dma_free
                0x1c067b98       0x20 /home/jifukui/jifukuistudy/work/BCM5333x/systems/bcm95333x/lib/libcfe.a(sal_alloc.o)
                0x1c067b98                sal_dma_free
 .text.put_char
                0x1c067bb8       0x3c /home/jifukui/jifukuistudy/work/BCM5333x/systems/bcm95333x/lib/libcfe.a(sal_console.o)
                0x1c067bb8                put_char
 .text.get_char
                0x1c067bf4       0x34 /home/jifukui/jifukuistudy/work/BCM5333x/systems/bcm95333x/lib/libcfe.a(sal_console.o)
                0x1c067bf4                get_char
 .text.um_console_write
                0x1c067c28       0x3c /home/jifukui/jifukuistudy/work/BCM5333x/systems/bcm95333x/lib/libcfe.a(sal_console.o)
 .text.um_console_print
                0x1c067c64       0x74 /home/jifukui/jifukuistudy/work/BCM5333x/systems/bcm95333x/lib/libcfe.a(sal_console.o)
                0x1c067c64                um_console_print
 .text.sal_console_init
                0x1c067cd8        0xc /home/jifukui/jifukuistudy/work/BCM5333x/systems/bcm95333x/lib/libcfe.a(sal_console.o)
                0x1c067cd8                sal_console_init
 .text.sal_printf
                0x1c067ce4       0x38 /home/jifukui/jifukuistudy/work/BCM5333x/systems/bcm95333x/lib/libcfe.a(sal_console.o)
                0x1c067ce4                sal_printf
 .text.cdk_printf
                0x1c067d1c       0x3c /home/jifukui/jifukuistudy/work/BCM5333x/systems/bcm95333x/lib/libcfe.a(sal_console.o)
                0x1c067d1c                cdk_printf
 .text.sal_assert
                0x1c067d58       0x24 /home/jifukui/jifukuistudy/work/BCM5333x/systems/bcm95333x/lib/libcfe.a(sal_console.o)
                0x1c067d58                sal_assert
 .text.sal_char_avail
                0x1c067d7c       0x28 /home/jifukui/jifukuistudy/work/BCM5333x/systems/bcm95333x/lib/libcfe.a(sal_console.o)
                0x1c067d7c                sal_char_avail
 .text.sal_getchar
                0x1c067da4       0x7c /home/jifukui/jifukuistudy/work/BCM5333x/systems/bcm95333x/lib/libcfe.a(sal_console.o)
                0x1c067da4                sal_getchar
 .text.sal_putchar
                0x1c067e20       0x54 /home/jifukui/jifukuistudy/work/BCM5333x/systems/bcm95333x/lib/libcfe.a(sal_console.o)
                0x1c067e20                sal_putchar
 .text.sal_init
                0x1c067e74       0x38 /home/jifukui/jifukuistudy/work/BCM5333x/systems/bcm95333x/lib/libcfe.a(sal_init.o)
                0x1c067e74                sal_init
 .text.lib_memcmp
                0x1c067eac       0x60 /home/jifukui/jifukuistudy/work/BCM5333x/systems/bcm95333x/lib/libcfe.a(sal_libc.o)
                0x1c067eac                lib_memcmp
 .text.lib_memcpy
                0x1c067f0c       0x40 /home/jifukui/jifukuistudy/work/BCM5333x/systems/bcm95333x/lib/libcfe.a(sal_libc.o)
                0x1c067f0c                lib_memcpy
 .text.lib_memmove
                0x1c067f4c       0x70 /home/jifukui/jifukuistudy/work/BCM5333x/systems/bcm95333x/lib/libcfe.a(sal_libc.o)
                0x1c067f4c                lib_memmove
 .text.lib_memset
                0x1c067fbc       0x38 /home/jifukui/jifukuistudy/work/BCM5333x/systems/bcm95333x/lib/libcfe.a(sal_libc.o)
                0x1c067fbc                lib_memset
 .text.lib_strlen
                0x1c067ff4       0x30 /home/jifukui/jifukuistudy/work/BCM5333x/systems/bcm95333x/lib/libcfe.a(sal_libc.o)
                0x1c067ff4                lib_strlen
 .text.lib_strcmp
                0x1c068024       0x84 /home/jifukui/jifukuistudy/work/BCM5333x/systems/bcm95333x/lib/libcfe.a(sal_libc.o)
                0x1c068024                lib_strcmp
 .text.sal_toupper
                0x1c0680a8       0x2c /home/jifukui/jifukuistudy/work/BCM5333x/systems/bcm95333x/lib/libcfe.a(sal_libc.o)
                0x1c0680a8                sal_toupper
 .text.sal_stricmp
                0x1c0680d4       0x94 /home/jifukui/jifukuistudy/work/BCM5333x/systems/bcm95333x/lib/libcfe.a(sal_libc.o)
                0x1c0680d4                sal_stricmp
 .text.sal_strncmp
                0x1c068168       0x74 /home/jifukui/jifukuistudy/work/BCM5333x/systems/bcm95333x/lib/libcfe.a(sal_libc.o)
                0x1c068168                sal_strncmp
 .text.sal_strcspn
                0x1c0681dc       0x5c /home/jifukui/jifukuistudy/work/BCM5333x/systems/bcm95333x/lib/libcfe.a(sal_libc.o)
                0x1c0681dc                sal_strcspn
 .text.lib_strchr
                0x1c068238       0x38 /home/jifukui/jifukuistudy/work/BCM5333x/systems/bcm95333x/lib/libcfe.a(sal_libc.o)
                0x1c068238                lib_strchr
 .text.lib_strcpy
                0x1c068270       0x3c /home/jifukui/jifukuistudy/work/BCM5333x/systems/bcm95333x/lib/libcfe.a(sal_libc.o)
                0x1c068270                lib_strcpy
 .text.lib_strcat
                0x1c0682ac       0x4c /home/jifukui/jifukuistudy/work/BCM5333x/systems/bcm95333x/lib/libcfe.a(sal_libc.o)
                0x1c0682ac                lib_strcat
 .text.lib_atoi
                0x1c0682f8       0x58 /home/jifukui/jifukuistudy/work/BCM5333x/systems/bcm95333x/lib/libcfe.a(sal_libc.o)
                0x1c0682f8                lib_atoi
 .text.lib_strncpy
                0x1c068350       0x5c /home/jifukui/jifukuistudy/work/BCM5333x/systems/bcm95333x/lib/libcfe.a(sal_libc.o)
                0x1c068350                lib_strncpy
 .text.sal_strstr
                0x1c0683ac       0x74 /home/jifukui/jifukuistudy/work/BCM5333x/systems/bcm95333x/lib/libcfe.a(sal_libc.o)
                0x1c0683ac                sal_strstr
 .text.sal_srand
                0x1c068420       0x64 /home/jifukui/jifukuistudy/work/BCM5333x/systems/bcm95333x/lib/libcfe.a(sal_libc.o)
                0x1c068420                sal_srand
 .text.sal_rand
                0x1c068484       0xa8 /home/jifukui/jifukuistudy/work/BCM5333x/systems/bcm95333x/lib/libcfe.a(sal_libc.o)
                0x1c068484                sal_rand
 .text.lib_strtol
                0x1c06852c      0x10c /home/jifukui/jifukuistudy/work/BCM5333x/systems/bcm95333x/lib/libcfe.a(sal_libc.o)
                0x1c06852c                lib_strtol
 .text.lib_strtoul
                0x1c068638      0x10c /home/jifukui/jifukuistudy/work/BCM5333x/systems/bcm95333x/lib/libcfe.a(sal_libc.o)
                0x1c068638                lib_strtoul
 .text.__atox   0x1c068744       0xa8 /home/jifukui/jifukuistudy/work/BCM5333x/systems/bcm95333x/lib/libcfe.a(sal_printf.o)
 .text.__llatox
                0x1c0687ec       0xbc /home/jifukui/jifukuistudy/work/BCM5333x/systems/bcm95333x/lib/libcfe.a(sal_printf.o)
 .text.vsprintf
                0x1c0688a8      0x6d8 /home/jifukui/jifukuistudy/work/BCM5333x/systems/bcm95333x/lib/libcfe.a(sal_printf.o)
                0x1c0688a8                vsprintf
 .text.sprintf  0x1c068f80       0x2c /home/jifukui/jifukuistudy/work/BCM5333x/systems/bcm95333x/lib/libcfe.a(sal_printf.o)
                0x1c068f80                sprintf
 .text.sal_get_ticks
                0x1c068fac       0x18 /home/jifukui/jifukuistudy/work/BCM5333x/systems/bcm95333x/lib/libcfe.a(sal_timer.o)
                0x1c068fac                sal_get_ticks
 .text.sal_get_seconds
                0x1c068fc4       0x8c /home/jifukui/jifukuistudy/work/BCM5333x/systems/bcm95333x/lib/libcfe.a(sal_timer.o)
                0x1c068fc4                sal_get_seconds
 .text.sal_get_us_per_tick
                0x1c069050       0x14 /home/jifukui/jifukuistudy/work/BCM5333x/systems/bcm95333x/lib/libcfe.a(sal_timer.o)
                0x1c069050                sal_get_us_per_tick
 .text.sal_timer_task
                0x1c069064      0x120 /home/jifukui/jifukuistudy/work/BCM5333x/systems/bcm95333x/lib/libcfe.a(sal_timer.o)
                0x1c069064                sal_timer_task
 .text.sal_timer_init
                0x1c069184       0x80 /home/jifukui/jifukuistudy/work/BCM5333x/systems/bcm95333x/lib/libcfe.a(sal_timer.o)
                0x1c069184                sal_timer_init
 .text.sal_usleep
                0x1c069204       0x40 /home/jifukui/jifukuistudy/work/BCM5333x/systems/bcm95333x/lib/libcfe.a(sal_timer.o)
                0x1c069204                sal_usleep
 .text.sal_sleep
                0x1c069244       0x34 /home/jifukui/jifukuistudy/work/BCM5333x/systems/bcm95333x/lib/libcfe.a(sal_timer.o)
                0x1c069244                sal_sleep
 .text.sal_config_get
                0x1c069278       0x18 /home/jifukui/jifukuistudy/work/BCM5333x/systems/bcm95333x/lib/libcfe.a(sal_config.o)
                0x1c069278                sal_config_get
 .text.sal_config_pbmp_get
                0x1c069290       0x5c /home/jifukui/jifukuistudy/work/BCM5333x/systems/bcm95333x/lib/libcfe.a(sal_config.o)
                0x1c069290                sal_config_pbmp_get
 .text.sal_config_decimal_valid
                0x1c0692ec       0xac /home/jifukui/jifukuistudy/work/BCM5333x/systems/bcm95333x/lib/libcfe.a(sal_config.o)
                0x1c0692ec                sal_config_decimal_valid
 .text.sal_config_hex_valid
                0x1c069398       0xb4 /home/jifukui/jifukuistudy/work/BCM5333x/systems/bcm95333x/lib/libcfe.a(sal_config.o)
                0x1c069398                sal_config_hex_valid
 .text.sal_config_variable_get
                0x1c06944c      0x110 /home/jifukui/jifukuistudy/work/BCM5333x/systems/bcm95333x/lib/libcfe.a(sal_config.o)
                0x1c06944c                sal_config_variable_get
 .text.sal_config_uint16_get
                0x1c06955c       0x20 /home/jifukui/jifukuistudy/work/BCM5333x/systems/bcm95333x/lib/libcfe.a(sal_config.o)
                0x1c06955c                sal_config_uint16_get
 .text.sal_config_uint8_get
                0x1c06957c       0x20 /home/jifukui/jifukuistudy/work/BCM5333x/systems/bcm95333x/lib/libcfe.a(sal_config.o)
                0x1c06957c                sal_config_uint8_get
 .text.sal_config_bytes_get
                0x1c06959c       0xe0 /home/jifukui/jifukuistudy/work/BCM5333x/systems/bcm95333x/lib/libcfe.a(sal_config.o)
                0x1c06959c                sal_config_bytes_get
 .text.appl_init
                0x1c06967c       0x2c /home/jifukui/jifukuistudy/work/BCM5333x/systems/bcm95333x/lib/libcfe.a(app_init.o)
                0x1c06967c                appl_init
 .text.igmpsnoop_get_vid_by_index
                0x1c0696a8       0x94 /home/jifukui/jifukuistudy/work/BCM5333x/systems/bcm95333x/lib/libcfe.a(igmpsnoop.o)
                0x1c0696a8                igmpsnoop_get_vid_by_index
 .text.igmpsnoop_dbg_timer_get
                0x1c06973c       0x34 /home/jifukui/jifukuistudy/work/BCM5333x/systems/bcm95333x/lib/libcfe.a(igmpsnoop.o)
                0x1c06973c                igmpsnoop_dbg_timer_get
 .text.igmpsnoop_dbg_count_get
                0x1c069770       0x24 /home/jifukui/jifukuistudy/work/BCM5333x/systems/bcm95333x/lib/libcfe.a(igmpsnoop.o)
                0x1c069770                igmpsnoop_dbg_count_get
 .text.igmpsnoop_dbg_count_reset
                0x1c069794       0x1c /home/jifukui/jifukuistudy/work/BCM5333x/systems/bcm95333x/lib/libcfe.a(igmpsnoop.o)
                0x1c069794                igmpsnoop_dbg_count_reset
 .text.igmpsnoop_enable_set
                0x1c0697b0       0xd0 /home/jifukui/jifukuistudy/work/BCM5333x/systems/bcm95333x/lib/libcfe.a(igmpsnoop.o)
                0x1c0697b0                igmpsnoop_enable_set
 .text.igmpsnoop_enable_get
                0x1c069880       0x24 /home/jifukui/jifukuistudy/work/BCM5333x/systems/bcm95333x/lib/libcfe.a(igmpsnoop.o)
                0x1c069880                igmpsnoop_enable_get
 .text.igmpsnoop_database_init
                0x1c0698a4      0x1bc /home/jifukui/jifukuistudy/work/BCM5333x/systems/bcm95333x/lib/libcfe.a(igmpsnoop.o)
                0x1c0698a4                igmpsnoop_database_init
 .text.igmpsnoop_group_count_get
                0x1c069a60       0x4c /home/jifukui/jifukuistudy/work/BCM5333x/systems/bcm95333x/lib/libcfe.a(igmpsnoop.o)
                0x1c069a60                igmpsnoop_group_count_get
 .text.igmpsnoop_group_member_get
                0x1c069aac      0x134 /home/jifukui/jifukuistudy/work/BCM5333x/systems/bcm95333x/lib/libcfe.a(igmpsnoop.o)
                0x1c069aac                igmpsnoop_group_member_get
 .text.igmpsnoop_dynamic_router_port_count_get
                0x1c069be0       0x50 /home/jifukui/jifukuistudy/work/BCM5333x/systems/bcm95333x/lib/libcfe.a(igmpsnoop.o)
                0x1c069be0                igmpsnoop_dynamic_router_port_count_get
 .text.igmpsnoop_dynamic_router_port_get
                0x1c069c30       0xb8 /home/jifukui/jifukuistudy/work/BCM5333x/systems/bcm95333x/lib/libcfe.a(igmpsnoop.o)
                0x1c069c30                igmpsnoop_dynamic_router_port_get
 .text.igmpDB_new
                0x1c069ce8       0x44 /home/jifukui/jifukuistudy/work/BCM5333x/systems/bcm95333x/lib/libcfe.a(igmpsnoop.o)
                0x1c069ce8                igmpDB_new
 .text.igmpDB_search
                0x1c069d2c       0x68 /home/jifukui/jifukuistudy/work/BCM5333x/systems/bcm95333x/lib/libcfe.a(igmpsnoop.o)
                0x1c069d2c                igmpDB_search
 .text.igmpDB_update
                0x1c069d94      0x264 /home/jifukui/jifukuistudy/work/BCM5333x/systems/bcm95333x/lib/libcfe.a(igmpsnoop.o)
                0x1c069d94                igmpDB_update
 .text.igmpsnoop_IPMCentry_remove
                0x1c069ff8      0x1a8 /home/jifukui/jifukuistudy/work/BCM5333x/systems/bcm95333x/lib/libcfe.a(igmpsnoop.o)
                0x1c069ff8                igmpsnoop_IPMCentry_remove
 .text.igmpsnoop_router_port_add
                0x1c06a1a0      0x218 /home/jifukui/jifukuistudy/work/BCM5333x/systems/bcm95333x/lib/libcfe.a(igmpsnoop.o)
                0x1c06a1a0                igmpsnoop_router_port_add
 .text.igmpsnoop_router_port_age
                0x1c06a3b8      0x1a8 /home/jifukui/jifukuistudy/work/BCM5333x/systems/bcm95333x/lib/libcfe.a(igmpsnoop.o)
                0x1c06a3b8                igmpsnoop_router_port_age
 .text.reset_igmpsnoop_tick
                0x1c06a560       0x34 /home/jifukui/jifukuistudy/work/BCM5333x/systems/bcm95333x/lib/libcfe.a(igmpsnoop.o)
 .text.igmpLeaveP_new
                0x1c06a594       0x4c /home/jifukui/jifukuistudy/work/BCM5333x/systems/bcm95333x/lib/libcfe.a(igmpsnoop.o)
                0x1c06a594                igmpLeaveP_new
 .text.igmpLeaveP_free
                0x1c06a5e0       0x4c /home/jifukui/jifukuistudy/work/BCM5333x/systems/bcm95333x/lib/libcfe.a(igmpsnoop.o)
                0x1c06a5e0                igmpLeaveP_free
 .text.igmpLeaveP_search
                0x1c06a62c       0xc0 /home/jifukui/jifukuistudy/work/BCM5333x/systems/bcm95333x/lib/libcfe.a(igmpsnoop.o)
                0x1c06a62c                igmpLeaveP_search
 .text.igmpLeaveQ_insert
                0x1c06a6ec      0x16c /home/jifukui/jifukuistudy/work/BCM5333x/systems/bcm95333x/lib/libcfe.a(igmpsnoop.o)
                0x1c06a6ec                igmpLeaveQ_insert
 .text.igmpLeaveQ_grant
                0x1c06a858       0xa0 /home/jifukui/jifukuistudy/work/BCM5333x/systems/bcm95333x/lib/libcfe.a(igmpsnoop.o)
                0x1c06a858                igmpLeaveQ_grant
 .text.igmpLeaveQ_delete
                0x1c06a8f8       0xd8 /home/jifukui/jifukuistudy/work/BCM5333x/systems/bcm95333x/lib/libcfe.a(igmpsnoop.o)
                0x1c06a8f8                igmpLeaveQ_delete
 .text.IPMCuplist_summ_reset
                0x1c06a9d0       0x18 /home/jifukui/jifukuistudy/work/BCM5333x/systems/bcm95333x/lib/libcfe.a(igmpsnoop.o)
                0x1c06a9d0                IPMCuplist_summ_reset
 .text.IPMCuplist_summ_uplist
                0x1c06a9e8       0xa8 /home/jifukui/jifukuistudy/work/BCM5333x/systems/bcm95333x/lib/libcfe.a(igmpsnoop.o)
                0x1c06a9e8                IPMCuplist_summ_uplist
 .text.IPMCuplist_summ_age
                0x1c06aa90       0xa8 /home/jifukui/jifukuistudy/work/BCM5333x/systems/bcm95333x/lib/libcfe.a(igmpsnoop.o)
                0x1c06aa90                IPMCuplist_summ_age
 .text.IPMCuplist_add
                0x1c06ab38       0x70 /home/jifukui/jifukuistudy/work/BCM5333x/systems/bcm95333x/lib/libcfe.a(igmpsnoop.o)
                0x1c06ab38                IPMCuplist_add
 .text.IPMCuplist_remove
                0x1c06aba8       0x48 /home/jifukui/jifukuistudy/work/BCM5333x/systems/bcm95333x/lib/libcfe.a(igmpsnoop.o)
                0x1c06aba8                IPMCuplist_remove
 .text.IPMCuplist_wipe
                0x1c06abf0       0x3c /home/jifukui/jifukuistudy/work/BCM5333x/systems/bcm95333x/lib/libcfe.a(igmpsnoop.o)
                0x1c06abf0                IPMCuplist_wipe
 .text.IPMCuplist_nil_uplist
                0x1c06ac2c       0x38 /home/jifukui/jifukuistudy/work/BCM5333x/systems/bcm95333x/lib/libcfe.a(igmpsnoop.o)
                0x1c06ac2c                IPMCuplist_nil_uplist
 .text.IPMCuplist_nil_age
                0x1c06ac64       0x34 /home/jifukui/jifukuistudy/work/BCM5333x/systems/bcm95333x/lib/libcfe.a(igmpsnoop.o)
                0x1c06ac64                IPMCuplist_nil_age
 .text.IPMCuplist_copy
                0x1c06ac98       0x60 /home/jifukui/jifukuistudy/work/BCM5333x/systems/bcm95333x/lib/libcfe.a(igmpsnoop.o)
                0x1c06ac98                IPMCuplist_copy
 .text.IPMCuplist_aging
                0x1c06acf8       0x4c /home/jifukui/jifukuistudy/work/BCM5333x/systems/bcm95333x/lib/libcfe.a(igmpsnoop.o)
                0x1c06acf8                IPMCuplist_aging
 .text.IPMCuplist_mob
                0x1c06ad44       0x5c /home/jifukui/jifukuistudy/work/BCM5333x/systems/bcm95333x/lib/libcfe.a(igmpsnoop.o)
                0x1c06ad44                IPMCuplist_mob
 .text.L2MCportbmp_update
                0x1c06ada0      0x188 /home/jifukui/jifukuistudy/work/BCM5333x/systems/bcm95333x/lib/libcfe.a(igmpsnoop.o)
                0x1c06ada0                L2MCportbmp_update
 .text.L2MCportbmp_remove
                0x1c06af28       0xbc /home/jifukui/jifukuistudy/work/BCM5333x/systems/bcm95333x/lib/libcfe.a(igmpsnoop.o)
                0x1c06af28                L2MCportbmp_remove
 .text.irrigate
                0x1c06afe4      0x5f0 /home/jifukui/jifukuistudy/work/BCM5333x/systems/bcm95333x/lib/libcfe.a(igmpsnoop.o)
                0x1c06afe4                irrigate
 .text.igmpsnoop_vid_set
                0x1c06b5d4       0xa0 /home/jifukui/jifukuistudy/work/BCM5333x/systems/bcm95333x/lib/libcfe.a(igmpsnoop.o)
                0x1c06b5d4                igmpsnoop_vid_set
 .text.igmpsnoop_vid_get
                0x1c06b674       0x24 /home/jifukui/jifukuistudy/work/BCM5333x/systems/bcm95333x/lib/libcfe.a(igmpsnoop.o)
                0x1c06b674                igmpsnoop_vid_get
 .text.compose_mc_mac
                0x1c06b698       0x4c /home/jifukui/jifukuistudy/work/BCM5333x/systems/bcm95333x/lib/libcfe.a(igmpsnoop_cbk.o)
                0x1c06b698                compose_mc_mac
 .text.locate_igmp_pkt
                0x1c06b6e4       0x60 /home/jifukui/jifukuistudy/work/BCM5333x/systems/bcm95333x/lib/libcfe.a(igmpsnoop_cbk.o)
                0x1c06b6e4                locate_igmp_pkt
 .text.locate_ip_pkt
                0x1c06b744       0x40 /home/jifukui/jifukuistudy/work/BCM5333x/systems/bcm95333x/lib/libcfe.a(igmpsnoop_cbk.o)
                0x1c06b744                locate_ip_pkt
 .text.is_igmp_packet
                0x1c06b784       0xa0 /home/jifukui/jifukuistudy/work/BCM5333x/systems/bcm95333x/lib/libcfe.a(igmpsnoop_cbk.o)
 .text.igmpsnoop
                0x1c06b824      0x3b0 /home/jifukui/jifukuistudy/work/BCM5333x/systems/bcm95333x/lib/libcfe.a(igmpsnoop_cbk.o)
 .text.igmpsnoop_rx
                0x1c06bbd4       0x40 /home/jifukui/jifukuistudy/work/BCM5333x/systems/bcm95333x/lib/libcfe.a(igmpsnoop_cbk.o)
                0x1c06bbd4                igmpsnoop_rx
 .text.igmpsnoop_one_sec
                0x1c06bc14      0x598 /home/jifukui/jifukuistudy/work/BCM5333x/systems/bcm95333x/lib/libcfe.a(igmpsnoop_cbk.o)
 .text.igmpsnoop_one_sec_timer
                0x1c06c1ac       0x24 /home/jifukui/jifukuistudy/work/BCM5333x/systems/bcm95333x/lib/libcfe.a(igmpsnoop_cbk.o)
                0x1c06c1ac                igmpsnoop_one_sec_timer
 .text.ui_backspace
                0x1c06c1d0        0xc /home/jifukui/jifukuistudy/work/BCM5333x/systems/bcm95333x/lib/libcfe.a(ui_utils.o)
                0x1c06c1d0                ui_backspace
 .text.ui_dump_memory
                0x1c06c1dc      0x104 /home/jifukui/jifukuistudy/work/BCM5333x/systems/bcm95333x/lib/libcfe.a(ui_utils.o)
                0x1c06c1dc                ui_dump_memory
 .text.ui_get_hex
                0x1c06c2e0      0x17c /home/jifukui/jifukuistudy/work/BCM5333x/systems/bcm95333x/lib/libcfe.a(ui_utils.o)
                0x1c06c2e0                ui_get_hex
 .text.ui_get_byte
                0x1c06c45c       0x44 /home/jifukui/jifukuistudy/work/BCM5333x/systems/bcm95333x/lib/libcfe.a(ui_utils.o)
                0x1c06c45c                ui_get_byte
 .text.ui_get_word
                0x1c06c4a0       0x44 /home/jifukui/jifukuistudy/work/BCM5333x/systems/bcm95333x/lib/libcfe.a(ui_utils.o)
                0x1c06c4a0                ui_get_word
 .text.ui_get_dword
                0x1c06c4e4       0x40 /home/jifukui/jifukuistudy/work/BCM5333x/systems/bcm95333x/lib/libcfe.a(ui_utils.o)
                0x1c06c4e4                ui_get_dword
 .text.ui_get_address
                0x1c06c524       0x50 /home/jifukui/jifukuistudy/work/BCM5333x/systems/bcm95333x/lib/libcfe.a(ui_utils.o)
                0x1c06c524                ui_get_address
 .text.ui_get_decimal
                0x1c06c574      0x128 /home/jifukui/jifukuistudy/work/BCM5333x/systems/bcm95333x/lib/libcfe.a(ui_utils.o)
                0x1c06c574                ui_get_decimal
 .text.ui_yes_or_no
                0x1c06c69c       0xc4 /home/jifukui/jifukuistudy/work/BCM5333x/systems/bcm95333x/lib/libcfe.a(ui_utils.o)
                0x1c06c69c                ui_yes_or_no
 .text.ui_get_bytes
                0x1c06c760       0xb8 /home/jifukui/jifukuistudy/work/BCM5333x/systems/bcm95333x/lib/libcfe.a(ui_utils.o)
                0x1c06c760                ui_get_bytes
 .text.ui_get_string
                0x1c06c818       0xd8 /home/jifukui/jifukuistudy/work/BCM5333x/systems/bcm95333x/lib/libcfe.a(ui_utils.o)
                0x1c06c818                ui_get_string
 .text.ui_get_secure_string
                0x1c06c8f0       0xec /home/jifukui/jifukuistudy/work/BCM5333x/systems/bcm95333x/lib/libcfe.a(ui_utils.o)
                0x1c06c8f0                ui_get_secure_string
 .text.soc_memacc_field_get
                0x1c06c9dc      0x188 /home/jifukui/jifukuistudy/work/BCM5333x/systems/bcm95333x/lib/libcfe.a(ui_utils.o)
                0x1c06c9dc                soc_memacc_field_get
 .text.soc_memacc_field32_get
                0x1c06cb64       0x50 /home/jifukui/jifukuistudy/work/BCM5333x/systems/bcm95333x/lib/libcfe.a(ui_utils.o)
                0x1c06cb64                soc_memacc_field32_get
 .text.soc_mem_field_get
                0x1c06cbb4       0x54 /home/jifukui/jifukuistudy/work/BCM5333x/systems/bcm95333x/lib/libcfe.a(ui_utils.o)
                0x1c06cbb4                soc_mem_field_get
 .text.soc_mem_valid_field_info
                0x1c06cc08       0x68 /home/jifukui/jifukuistudy/work/BCM5333x/systems/bcm95333x/lib/libcfe.a(ui_utils.o)
                0x1c06cc08                soc_mem_valid_field_info
 .text._shr_format_integer
                0x1c06cc70       0x98 /home/jifukui/jifukuistudy/work/BCM5333x/systems/bcm95333x/lib/libcfe.a(ui_utils.o)
                0x1c06cc70                _shr_format_integer
 .text._shr_format_long_integer
                0x1c06cd08      0x108 /home/jifukui/jifukuistudy/work/BCM5333x/systems/bcm95333x/lib/libcfe.a(ui_utils.o)
                0x1c06cd08                _shr_format_long_integer
 .text.soc_mem_dump
                0x1c06ce10      0x2dc /home/jifukui/jifukuistudy/work/BCM5333x/systems/bcm95333x/lib/libcfe.a(ui_utils.o)
                0x1c06ce10                soc_mem_dump
 .text.format_long_integer
                0x1c06d0ec       0xbc /home/jifukui/jifukuistudy/work/BCM5333x/systems/bcm95333x/lib/libcfe.a(ui_utils.o)
                0x1c06d0ec                format_long_integer
 .text.soc_reg_dump
                0x1c06d1a8      0x258 /home/jifukui/jifukuistudy/work/BCM5333x/systems/bcm95333x/lib/libcfe.a(ui_utils.o)
                0x1c06d1a8                soc_reg_dump
 .text.counter_val_set
                0x1c06d400       0xa4 /home/jifukui/jifukuistudy/work/BCM5333x/systems/bcm95333x/lib/libcfe.a(ui_utils.o)
                0x1c06d400                counter_val_set
 .text.counter_val_diff
                0x1c06d4a4      0x140 /home/jifukui/jifukuistudy/work/BCM5333x/systems/bcm95333x/lib/libcfe.a(ui_utils.o)
                0x1c06d4a4                counter_val_diff
 .text.soc_port_status_dump
                0x1c06d5e4      0x1c8 /home/jifukui/jifukuistudy/work/BCM5333x/systems/bcm95333x/lib/libcfe.a(ui_utils.o)
                0x1c06d5e4                soc_port_status_dump
 .text.resource_alloc
                0x1c06d7ac       0xbc /home/jifukui/jifukuistudy/work/BCM5333x/systems/bcm95333x/lib/libcfe.a(ui_utils.o)
                0x1c06d7ac                resource_alloc
 .text.resource_free
                0x1c06d868       0x6c /home/jifukui/jifukuistudy/work/BCM5333x/systems/bcm95333x/lib/libcfe.a(ui_utils.o)
                0x1c06d868                resource_free
 .text.igmp_resource_init
                0x1c06d8d4       0xdc /home/jifukui/jifukuistudy/work/BCM5333x/systems/bcm95333x/lib/libcfe.a(ui_utils.o)
                0x1c06d8d4                igmp_resource_init
 .text.l3_ipmc_id_get
                0x1c06d9b0       0x58 /home/jifukui/jifukuistudy/work/BCM5333x/systems/bcm95333x/lib/libcfe.a(ui_utils.o)
                0x1c06d9b0                l3_ipmc_id_get
 .text.l3_ipmc_id_free
                0x1c06da08       0x38 /home/jifukui/jifukuistudy/work/BCM5333x/systems/bcm95333x/lib/libcfe.a(ui_utils.o)
                0x1c06da08                l3_ipmc_id_free
 .text.set_login_password
                0x1c06da40       0x40 /home/jifukui/jifukuistudy/work/BCM5333x/systems/bcm95333x/lib/libcfe.a(net_utils.o)
                0x1c06da40                set_login_password
 .text.get_login_password
                0x1c06da80       0x54 /home/jifukui/jifukuistudy/work/BCM5333x/systems/bcm95333x/lib/libcfe.a(net_utils.o)
                0x1c06da80                get_login_password
 .text.parse_ip
                0x1c06dad4       0xf0 /home/jifukui/jifukuistudy/work/BCM5333x/systems/bcm95333x/lib/libcfe.a(net_utils.o)
                0x1c06dad4                parse_ip
 .text.set_network_interface_config
                0x1c06dbc4      0x108 /home/jifukui/jifukuistudy/work/BCM5333x/systems/bcm95333x/lib/libcfe.a(net_utils.o)
                0x1c06dbc4                set_network_interface_config
 .text.get_network_interface_config
                0x1c06dccc       0x68 /home/jifukui/jifukuistudy/work/BCM5333x/systems/bcm95333x/lib/libcfe.a(net_utils.o)
                0x1c06dccc                get_network_interface_config
 .text.net_ip_configured
                0x1c06dd34      0x188 /home/jifukui/jifukuistudy/work/BCM5333x/systems/bcm95333x/lib/libcfe.a(net_utils.o)
 .text.get_autoip_addr
                0x1c06debc       0x40 /home/jifukui/jifukuistudy/work/BCM5333x/systems/bcm95333x/lib/libcfe.a(net_utils.o)
                0x1c06debc                get_autoip_addr
 .text.set_autoip_addr
                0x1c06defc       0x40 /home/jifukui/jifukuistudy/work/BCM5333x/systems/bcm95333x/lib/libcfe.a(net_utils.o)
                0x1c06defc                set_autoip_addr
 .text.set_accessip_addr
                0x1c06df3c       0xe4 /home/jifukui/jifukuistudy/work/BCM5333x/systems/bcm95333x/lib/libcfe.a(net_utils.o)
                0x1c06df3c                set_accessip_addr
 .text.get_accessip_addr
                0x1c06e020       0xb0 /home/jifukui/jifukuistudy/work/BCM5333x/systems/bcm95333x/lib/libcfe.a(net_utils.o)
                0x1c06e020                get_accessip_addr
 .text.get_adminpv
                0x1c06e0d0       0x28 /home/jifukui/jifukuistudy/work/BCM5333x/systems/bcm95333x/lib/libcfe.a(net_utils.o)
                0x1c06e0d0                get_adminpv
 .text.set_adminpv
                0x1c06e0f8       0x58 /home/jifukui/jifukuistudy/work/BCM5333x/systems/bcm95333x/lib/libcfe.a(net_utils.o)
                0x1c06e0f8                set_adminpv
 .text.net_dhcp_configured
                0x1c06e150       0x30 /home/jifukui/jifukuistudy/work/BCM5333x/systems/bcm95333x/lib/libcfe.a(net_utils.o)
                0x1c06e150                net_dhcp_configured
 .text.get_ipv6_address_count
                0x1c06e180       0x4c /home/jifukui/jifukuistudy/work/BCM5333x/systems/bcm95333x/lib/libcfe.a(net_utils.o)
                0x1c06e180                get_ipv6_address_count
 .text.get_ipv6_address
                0x1c06e1cc       0xf4 /home/jifukui/jifukuistudy/work/BCM5333x/systems/bcm95333x/lib/libcfe.a(net_utils.o)
                0x1c06e1cc                get_ipv6_address
 .text.set_manual_ipv6_address
                0x1c06e2c0       0xf0 /home/jifukui/jifukuistudy/work/BCM5333x/systems/bcm95333x/lib/libcfe.a(net_utils.o)
                0x1c06e2c0                set_manual_ipv6_address
 .text.net_enable_linkchange
                0x1c06e3b0       0x20 /home/jifukui/jifukuistudy/work/BCM5333x/systems/bcm95333x/lib/libcfe.a(net_utils.o)
                0x1c06e3b0                net_enable_linkchange
 .text.net_register_linkchange
                0x1c06e3d0       0x50 /home/jifukui/jifukuistudy/work/BCM5333x/systems/bcm95333x/lib/libcfe.a(net_utils.o)
                0x1c06e3d0                net_register_linkchange
 .text.net_port_linkchange_handler
                0x1c06e420      0x108 /home/jifukui/jifukuistudy/work/BCM5333x/systems/bcm95333x/lib/libcfe.a(net_utils.o)
 .text.net_utils_linkchange
                0x1c06e528       0x74 /home/jifukui/jifukuistudy/work/BCM5333x/systems/bcm95333x/lib/libcfe.a(net_utils.o)
 .text.net_utils_init
                0x1c06e59c       0x64 /home/jifukui/jifukuistudy/work/BCM5333x/systems/bcm95333x/lib/libcfe.a(net_utils.o)
                0x1c06e59c                net_utils_init
 .text.uplist_is_empty
                0x1c06e600       0x44 /home/jifukui/jifukuistudy/work/BCM5333x/systems/bcm95333x/lib/libcfe.a(ports_utils.o)
                0x1c06e600                uplist_is_empty
 .text.uplist_clear
                0x1c06e644       0x40 /home/jifukui/jifukuistudy/work/BCM5333x/systems/bcm95333x/lib/libcfe.a(ports_utils.o)
                0x1c06e644                uplist_clear
 .text.uplist_port_matched
                0x1c06e684       0x64 /home/jifukui/jifukuistudy/work/BCM5333x/systems/bcm95333x/lib/libcfe.a(ports_utils.o)
                0x1c06e684                uplist_port_matched
 .text.uplist_port_add
                0x1c06e6e8       0x6c /home/jifukui/jifukuistudy/work/BCM5333x/systems/bcm95333x/lib/libcfe.a(ports_utils.o)
                0x1c06e6e8                uplist_port_add
 .text.uplist_port_remove
                0x1c06e754       0x70 /home/jifukui/jifukuistudy/work/BCM5333x/systems/bcm95333x/lib/libcfe.a(ports_utils.o)
                0x1c06e754                uplist_port_remove
 .text.uplist_manipulate
                0x1c06e7c4       0xc8 /home/jifukui/jifukuistudy/work/BCM5333x/systems/bcm95333x/lib/libcfe.a(ports_utils.o)
                0x1c06e7c4                uplist_manipulate
 .text.get_port_desc
                0x1c06e88c       0x78 /home/jifukui/jifukuistudy/work/BCM5333x/systems/bcm95333x/lib/libcfe.a(ports_utils.o)
                0x1c06e88c                get_port_desc
 .text.set_port_desc
                0x1c06e904       0x58 /home/jifukui/jifukuistudy/work/BCM5333x/systems/bcm95333x/lib/libcfe.a(ports_utils.o)
                0x1c06e904                set_port_desc
 .text.nvram_hash
                0x1c06e95c       0x18 /home/jifukui/jifukuistudy/work/BCM5333x/systems/bcm95333x/lib/libcfe.a(nvram_utils.o)
 .text.nvram_lookup
                0x1c06e974       0x60 /home/jifukui/jifukuistudy/work/BCM5333x/systems/bcm95333x/lib/libcfe.a(nvram_utils.o)
 .text.nvram_insert
                0x1c06e9d4       0x38 /home/jifukui/jifukuistudy/work/BCM5333x/systems/bcm95333x/lib/libcfe.a(nvram_utils.o)
 .text.nvram_internalize
                0x1c06ea0c      0x17c /home/jifukui/jifukuistudy/work/BCM5333x/systems/bcm95333x/lib/libcfe.a(nvram_utils.o)
 .text.nvram_enum
                0x1c06eb88       0x5c /home/jifukui/jifukuistudy/work/BCM5333x/systems/bcm95333x/lib/libcfe.a(nvram_utils.o)
                0x1c06eb88                nvram_enum
 .text.nvram_show_tuple
                0x1c06ebe4       0x28 /home/jifukui/jifukuistudy/work/BCM5333x/systems/bcm95333x/lib/libcfe.a(nvram_utils.o)
                0x1c06ebe4                nvram_show_tuple
 .text.nvram_init
                0x1c06ec0c       0xec /home/jifukui/jifukuistudy/work/BCM5333x/systems/bcm95333x/lib/libcfe.a(nvram_utils.o)
                0x1c06ec0c                nvram_init
 .text.nvram_get
                0x1c06ecf8       0x38 /home/jifukui/jifukuistudy/work/BCM5333x/systems/bcm95333x/lib/libcfe.a(nvram_utils.o)
                0x1c06ecf8                nvram_get
 .text.nvram_delete
                0x1c06ed30       0x6c /home/jifukui/jifukuistudy/work/BCM5333x/systems/bcm95333x/lib/libcfe.a(nvram_utils.o)
 .text.nvram_set
                0x1c06ed9c       0xc4 /home/jifukui/jifukuistudy/work/BCM5333x/systems/bcm95333x/lib/libcfe.a(nvram_utils.o)
                0x1c06ed9c                nvram_set
 .text.nvram_unset
                0x1c06ee60       0x48 /home/jifukui/jifukuistudy/work/BCM5333x/systems/bcm95333x/lib/libcfe.a(nvram_utils.o)
                0x1c06ee60                nvram_unset
 .text.nvram_commit
                0x1c06eea8      0x254 /home/jifukui/jifukuistudy/work/BCM5333x/systems/bcm95333x/lib/libcfe.a(nvram_utils.o)
                0x1c06eea8                nvram_commit
 .text.hexdigit_to_decimal
                0x1c06f0fc       0x4c /home/jifukui/jifukuistudy/work/BCM5333x/systems/bcm95333x/lib/libcfe.a(system_utils.o)
 .text.parse_mac_address
                0x1c06f148      0x14c /home/jifukui/jifukuistudy/work/BCM5333x/systems/bcm95333x/lib/libcfe.a(system_utils.o)
                0x1c06f148                parse_mac_address
 .text.set_registration_status
                0x1c06f294       0x30 /home/jifukui/jifukuistudy/work/BCM5333x/systems/bcm95333x/lib/libcfe.a(system_utils.o)
                0x1c06f294                set_registration_status
 .text.get_registration_status
                0x1c06f2c4       0x30 /home/jifukui/jifukuistudy/work/BCM5333x/systems/bcm95333x/lib/libcfe.a(system_utils.o)
                0x1c06f2c4                get_registration_status
 .text.get_serial_num
                0x1c06f2f4       0x58 /home/jifukui/jifukuistudy/work/BCM5333x/systems/bcm95333x/lib/libcfe.a(system_utils.o)
                0x1c06f2f4                get_serial_num
 .text.set_serial_num
                0x1c06f34c       0xc0 /home/jifukui/jifukuistudy/work/BCM5333x/systems/bcm95333x/lib/libcfe.a(system_utils.o)
                0x1c06f34c                set_serial_num
 .text.set_system_name
                0x1c06f40c       0x44 /home/jifukui/jifukuistudy/work/BCM5333x/systems/bcm95333x/lib/libcfe.a(system_utils.o)
                0x1c06f40c                set_system_name
 .text.get_system_name
                0x1c06f450       0x54 /home/jifukui/jifukuistudy/work/BCM5333x/systems/bcm95333x/lib/libcfe.a(system_utils.o)
                0x1c06f450                get_system_name
 .text.get_system_mac
                0x1c06f4a4       0x30 /home/jifukui/jifukuistudy/work/BCM5333x/systems/bcm95333x/lib/libcfe.a(system_utils.o)
                0x1c06f4a4                get_system_mac
 .text.system_utils_init
                0x1c06f4d4       0x54 /home/jifukui/jifukuistudy/work/BCM5333x/systems/bcm95333x/lib/libcfe.a(system_utils.o)
                0x1c06f4d4                system_utils_init
 .text.cli_cmd_list_commands
                0x1c06f528       0xb4 /home/jifukui/jifukuistudy/work/BCM5333x/systems/bcm95333x/lib/libcfe.a(cli.o)
                0x1c06f528                cli_cmd_list_commands
 .text.cli_cmd_command_help
                0x1c06f5dc      0x10c /home/jifukui/jifukuistudy/work/BCM5333x/systems/bcm95333x/lib/libcfe.a(cli.o)
                0x1c06f5dc                cli_cmd_command_help
 .text.cli      0x1c06f6e8       0xf8 /home/jifukui/jifukuistudy/work/BCM5333x/systems/bcm95333x/lib/libcfe.a(cli.o)
                0x1c06f6e8                cli
 .text.cli_add_cmd
                0x1c06f7e0       0xa0 /home/jifukui/jifukuistudy/work/BCM5333x/systems/bcm95333x/lib/libcfe.a(cli.o)
                0x1c06f7e0                cli_add_cmd
 .text.cli_init
                0x1c06f880       0x54 /home/jifukui/jifukuistudy/work/BCM5333x/systems/bcm95333x/lib/libcfe.a(cli.o)
                0x1c06f880                cli_init
 .text.cli_cmd_switch_xcmd_shell
                0x1c06f8d4       0xa8 /home/jifukui/jifukuistudy/work/BCM5333x/systems/bcm95333x/lib/libcfe.a(ui_switch.o)
                0x1c06f8d4                cli_cmd_switch_xcmd_shell
 .text.cli_cmd_phy_reg_get
                0x1c06f97c      0x39c /home/jifukui/jifukuistudy/work/BCM5333x/systems/bcm95333x/lib/libcfe.a(ui_switch.o)
                0x1c06f97c                cli_cmd_phy_reg_get
 .text.cli_cmd_phy_reg_set
                0x1c06fd18      0x3a0 /home/jifukui/jifukuistudy/work/BCM5333x/systems/bcm95333x/lib/libcfe.a(ui_switch.o)
                0x1c06fd18                cli_cmd_phy_reg_set
 .text.cli_cmd_switch_reg_get
                0x1c0700b8      0x1c4 /home/jifukui/jifukuistudy/work/BCM5333x/systems/bcm95333x/lib/libcfe.a(ui_switch.o)
                0x1c0700b8                cli_cmd_switch_reg_get
 .text.cli_cmd_switch_reg_set
                0x1c07027c      0x1f8 /home/jifukui/jifukuistudy/work/BCM5333x/systems/bcm95333x/lib/libcfe.a(ui_switch.o)
                0x1c07027c                cli_cmd_switch_reg_set
 .text.cli_cmd_switch_mem_get
                0x1c070474      0x12c /home/jifukui/jifukuistudy/work/BCM5333x/systems/bcm95333x/lib/libcfe.a(ui_switch.o)
                0x1c070474                cli_cmd_switch_mem_get
 .text.cli_cmd_switch_mem_set
                0x1c0705a0      0x1a0 /home/jifukui/jifukuistudy/work/BCM5333x/systems/bcm95333x/lib/libcfe.a(ui_switch.o)
                0x1c0705a0                cli_cmd_switch_mem_set
 .text.cli_cmd_snake
                0x1c070740      0x398 /home/jifukui/jifukuistudy/work/BCM5333x/systems/bcm95333x/lib/libcfe.a(ui_switch.o)
                0x1c070740                cli_cmd_snake
 .text.ui_switch_misc
                0x1c070ad8      0x18c /home/jifukui/jifukuistudy/work/BCM5333x/systems/bcm95333x/lib/libcfe.a(ui_switch.o)
                0x1c070ad8                ui_switch_misc
 .text._if_fmt_speed
                0x1c070c64       0xe8 /home/jifukui/jifukuistudy/work/BCM5333x/systems/bcm95333x/lib/libcfe.a(ui_switch.o)
 .text.brief_port_info
                0x1c070d4c      0x478 /home/jifukui/jifukuistudy/work/BCM5333x/systems/bcm95333x/lib/libcfe.a(ui_switch.o)
                0x1c070d4c                brief_port_info
 .text.ui_switch_port_status
                0x1c0711c4      0x1ac /home/jifukui/jifukuistudy/work/BCM5333x/systems/bcm95333x/lib/libcfe.a(ui_switch.o)
                0x1c0711c4                ui_switch_port_status
 .text.ui_switch_table_dump
                0x1c071370      0x2e8 /home/jifukui/jifukuistudy/work/BCM5333x/systems/bcm95333x/lib/libcfe.a(ui_switch.o)
                0x1c071370                ui_switch_table_dump
 .text.ui_switch_reg_dump
                0x1c071658      0x15c /home/jifukui/jifukuistudy/work/BCM5333x/systems/bcm95333x/lib/libcfe.a(ui_switch.o)
                0x1c071658                ui_switch_reg_dump
 .text.ui_switch_port_counters
                0x1c0717b4       0xc0 /home/jifukui/jifukuistudy/work/BCM5333x/systems/bcm95333x/lib/libcfe.a(ui_switch.o)
                0x1c0717b4                ui_switch_port_counters
 .text.ui_switch_init
                0x1c071874       0xf0 /home/jifukui/jifukuistudy/work/BCM5333x/systems/bcm95333x/lib/libcfe.a(ui_switch.o)
                0x1c071874                ui_switch_init
 .text.cli_cmd_show_tick
                0x1c071964       0x70 /home/jifukui/jifukuistudy/work/BCM5333x/systems/bcm95333x/lib/libcfe.a(ui_system.o)
                0x1c071964                cli_cmd_show_tick
 .text.cli_cmd_memory_dump
                0x1c0719d4       0x98 /home/jifukui/jifukuistudy/work/BCM5333x/systems/bcm95333x/lib/libcfe.a(ui_system.o)
                0x1c0719d4                cli_cmd_memory_dump
 .text.cli_cmd_memory_edit
                0x1c071a6c       0xb0 /home/jifukui/jifukuistudy/work/BCM5333x/systems/bcm95333x/lib/libcfe.a(ui_system.o)
                0x1c071a6c                cli_cmd_memory_edit
 .text.cli_cmd_access_ctrl
                0x1c071b1c      0x1ac /home/jifukui/jifukuistudy/work/BCM5333x/systems/bcm95333x/lib/libcfe.a(ui_system.o)
                0x1c071b1c                cli_cmd_access_ctrl
 .text.cli_cmd_reset_button
                0x1c071cc8      0x1b8 /home/jifukui/jifukuistudy/work/BCM5333x/systems/bcm95333x/lib/libcfe.a(ui_system.o)
                0x1c071cc8                cli_cmd_reset_button
 .text.ui_system_init
                0x1c071e80       0x60 /home/jifukui/jifukuistudy/work/BCM5333x/systems/bcm95333x/lib/libcfe.a(ui_system.o)
                0x1c071e80                ui_system_init
 .text.cli_cmd_flash
                0x1c071ee0      0x5f0 /home/jifukui/jifukuistudy/work/BCM5333x/systems/bcm95333x/lib/libcfe.a(ui_flash.o)
                0x1c071ee0                cli_cmd_flash
 .text.ui_flash_init
                0x1c0724d0       0x18 /home/jifukui/jifukuistudy/work/BCM5333x/systems/bcm95333x/lib/libcfe.a(ui_flash.o)
                0x1c0724d0                ui_flash_init
 .text._ui_mc_grp
                0x1c0724e8      0x304 /home/jifukui/jifukuistudy/work/BCM5333x/systems/bcm95333x/lib/libcfe.a(ui_igmpsnoop.o)
 .text.cli_cmd_igmpsnoop
                0x1c0727ec      0x480 /home/jifukui/jifukuistudy/work/BCM5333x/systems/bcm95333x/lib/libcfe.a(ui_igmpsnoop.o)
 .text.ui_igmpsnoop_init
                0x1c072c6c       0x18 /home/jifukui/jifukuistudy/work/BCM5333x/systems/bcm95333x/lib/libcfe.a(ui_igmpsnoop.o)
                0x1c072c6c                ui_igmpsnoop_init
 .text.cli_switch_rx_handler
                0x1c072c84      0x19c /home/jifukui/jifukuistudy/work/BCM5333x/systems/bcm95333x/lib/libcfe.a(ui_rx.o)
                0x1c072c84                cli_switch_rx_handler
 .text.cli_cmd_switch_rx_mon
                0x1c072e20      0x1c0 /home/jifukui/jifukuistudy/work/BCM5333x/systems/bcm95333x/lib/libcfe.a(ui_rx.o)
                0x1c072e20                cli_cmd_switch_rx_mon
 .text.ui_rx_init
                0x1c072fe0       0x64 /home/jifukui/jifukuistudy/work/BCM5333x/systems/bcm95333x/lib/libcfe.a(ui_rx.o)
                0x1c072fe0                ui_rx_init
 .text.cli_switch_tx_select_config
                0x1c073044       0x50 /home/jifukui/jifukuistudy/work/BCM5333x/systems/bcm95333x/lib/libcfe.a(ui_tx.o)
 .text.cli_switch_tx_edit_pktcfg
                0x1c073094      0x4a8 /home/jifukui/jifukuistudy/work/BCM5333x/systems/bcm95333x/lib/libcfe.a(ui_tx.o)
                0x1c073094                cli_switch_tx_edit_pktcfg
 .text.cli_switch_tx_list_pktcfg
                0x1c07353c      0x1cc /home/jifukui/jifukuistudy/work/BCM5333x/systems/bcm95333x/lib/libcfe.a(ui_tx.o)
                0x1c07353c                cli_switch_tx_list_pktcfg
 .text.cli_switch_tx_async_send
                0x1c073708       0x70 /home/jifukui/jifukuistudy/work/BCM5333x/systems/bcm95333x/lib/libcfe.a(ui_tx.o)
                0x1c073708                cli_switch_tx_async_send
 .text.cli_switch_tx_async_timer
                0x1c073778       0x2c /home/jifukui/jifukuistudy/work/BCM5333x/systems/bcm95333x/lib/libcfe.a(ui_tx.o)
                0x1c073778                cli_switch_tx_async_timer
 .text.cli_switch_tx_async_cbk
                0x1c0737a4       0xc4 /home/jifukui/jifukuistudy/work/BCM5333x/systems/bcm95333x/lib/libcfe.a(ui_tx.o)
                0x1c0737a4                cli_switch_tx_async_cbk
 .text.cli_switch_tx_send_pktcfg
                0x1c073868      0x218 /home/jifukui/jifukuistudy/work/BCM5333x/systems/bcm95333x/lib/libcfe.a(ui_tx.o)
                0x1c073868                cli_switch_tx_send_pktcfg
 .text.cli_cmd_switch_tx
                0x1c073a80      0x2d4 /home/jifukui/jifukuistudy/work/BCM5333x/systems/bcm95333x/lib/libcfe.a(ui_tx.o)
                0x1c073a80                cli_cmd_switch_tx
 .text.ui_tx_init
                0x1c073d54       0x5c /home/jifukui/jifukuistudy/work/BCM5333x/systems/bcm95333x/lib/libcfe.a(ui_tx.o)
                0x1c073d54                ui_tx_init
 .text._port_cable_diag
                0x1c073db0      0x510 /home/jifukui/jifukuistudy/work/BCM5333x/systems/bcm95333x/lib/libcfe.a(brd_misc.o)
                0x1c073db0                _port_cable_diag
 .text.brdimpl_port_cable_diag
                0x1c0742c0      0x144 /home/jifukui/jifukuistudy/work/BCM5333x/systems/bcm95333x/lib/libcfe.a(brd_misc.o)
                0x1c0742c0                brdimpl_port_cable_diag
 .text.brdimpl_reset_button_detect
                0x1c074404       0x90 /home/jifukui/jifukuistudy/work/BCM5333x/systems/bcm95333x/lib/libcfe.a(brd_misc.o)
                0x1c074404                brdimpl_reset_button_detect
 .text.brdimpl_rx_handler
                0x1c074494      0x10c /home/jifukui/jifukuistudy/work/BCM5333x/systems/bcm95333x/lib/libcfe.a(brd_rxtx.o)
                0x1c074494                brdimpl_rx_handler
 .text.brdimpl_rx_set_handler
                0x1c0745a0       0x5c /home/jifukui/jifukuistudy/work/BCM5333x/systems/bcm95333x/lib/libcfe.a(brd_rxtx.o)
                0x1c0745a0                brdimpl_rx_set_handler
 .text.brdimpl_rx_fill_buffer
                0x1c0745fc       0x8c /home/jifukui/jifukuistudy/work/BCM5333x/systems/bcm95333x/lib/libcfe.a(brd_rxtx.o)
                0x1c0745fc                brdimpl_rx_fill_buffer
 .text.brdimpl_tx_cbk
                0x1c074688       0x50 /home/jifukui/jifukuistudy/work/BCM5333x/systems/bcm95333x/lib/libcfe.a(brd_rxtx.o)
                0x1c074688                brdimpl_tx_cbk
 .text.brdimpl_tx
                0x1c0746d8      0x178 /home/jifukui/jifukuistudy/work/BCM5333x/systems/bcm95333x/lib/libcfe.a(brd_rxtx.o)
                0x1c0746d8                brdimpl_tx
 .text.brdimpl_rxtx_init
                0x1c074850       0x3c /home/jifukui/jifukuistudy/work/BCM5333x/systems/bcm95333x/lib/libcfe.a(brd_rxtx.o)
                0x1c074850                brdimpl_rxtx_init
 .text._brdimpl_vlan_sw_vlan_group_get
                0x1c07488c       0xac /home/jifukui/jifukuistudy/work/BCM5333x/systems/bcm95333x/lib/libcfe.a(brd_vlan.o)
 .text._brdimpl_uplist_allport_set
                0x1c074938       0x34 /home/jifukui/jifukuistudy/work/BCM5333x/systems/bcm95333x/lib/libcfe.a(brd_vlan.o)
 .text._brdimpl_vlan_init
                0x1c07496c       0x34 /home/jifukui/jifukuistudy/work/BCM5333x/systems/bcm95333x/lib/libcfe.a(brd_vlan.o)
                0x1c07496c                _brdimpl_vlan_init
 .text.brdimpl_vlan_reset
                0x1c0749a0      0x108 /home/jifukui/jifukuistudy/work/BCM5333x/systems/bcm95333x/lib/libcfe.a(brd_vlan.o)
                0x1c0749a0                brdimpl_vlan_reset
 .text.brdimpl_vlan_type_set
                0x1c074aa8       0xb8 /home/jifukui/jifukuistudy/work/BCM5333x/systems/bcm95333x/lib/libcfe.a(brd_vlan.o)
                0x1c074aa8                brdimpl_vlan_type_set
 .text.brdimpl_vlan_type_get
                0x1c074b60       0x34 /home/jifukui/jifukuistudy/work/BCM5333x/systems/bcm95333x/lib/libcfe.a(brd_vlan.o)
                0x1c074b60                brdimpl_vlan_type_get
 .text.brdimpl_vlan_create
                0x1c074b94      0x140 /home/jifukui/jifukuistudy/work/BCM5333x/systems/bcm95333x/lib/libcfe.a(brd_vlan.o)
                0x1c074b94                brdimpl_vlan_create
 .text.brdimpl_vlan_destroy
                0x1c074cd4       0xa0 /home/jifukui/jifukuistudy/work/BCM5333x/systems/bcm95333x/lib/libcfe.a(brd_vlan.o)
                0x1c074cd4                brdimpl_vlan_destroy
 .text.brdimpl_pvlan_port_set
                0x1c074d74      0x404 /home/jifukui/jifukuistudy/work/BCM5333x/systems/bcm95333x/lib/libcfe.a(brd_vlan.o)
                0x1c074d74                brdimpl_pvlan_port_set
 .text.brdimpl_pvlan_port_get
                0x1c075178       0x48 /home/jifukui/jifukuistudy/work/BCM5333x/systems/bcm95333x/lib/libcfe.a(brd_vlan.o)
                0x1c075178                brdimpl_pvlan_port_get
 .text.brdimpl_qvlan_port_set
                0x1c0751c0       0xc0 /home/jifukui/jifukuistudy/work/BCM5333x/systems/bcm95333x/lib/libcfe.a(brd_vlan.o)
                0x1c0751c0                brdimpl_qvlan_port_set
 .text.brdimpl_qvlan_port_get
                0x1c075280       0xa8 /home/jifukui/jifukuistudy/work/BCM5333x/systems/bcm95333x/lib/libcfe.a(brd_vlan.o)
                0x1c075280                brdimpl_qvlan_port_get
 .text.brdimpl_vlan_count
                0x1c075328       0x1c /home/jifukui/jifukuistudy/work/BCM5333x/systems/bcm95333x/lib/libcfe.a(brd_vlan.o)
                0x1c075328                brdimpl_vlan_count
 .text.brdimpl_qvlan_get_by_index
                0x1c075344       0xd4 /home/jifukui/jifukuistudy/work/BCM5333x/systems/bcm95333x/lib/libcfe.a(brd_vlan.o)
                0x1c075344                brdimpl_qvlan_get_by_index
 .text.persistence_init
                0x1c075418       0x24 /home/jifukui/jifukuistudy/work/BCM5333x/systems/bcm95333x/lib/libcfe.a(persistence.o)
                0x1c075418                persistence_init
 .text.persistence_load_all_current_settings
                0x1c07543c       0x14 /home/jifukui/jifukuistudy/work/BCM5333x/systems/bcm95333x/lib/libcfe.a(persistence.o)
                0x1c07543c                persistence_load_all_current_settings
 .text.persistence_save_all_current_settings
                0x1c075450       0x14 /home/jifukui/jifukuistudy/work/BCM5333x/systems/bcm95333x/lib/libcfe.a(persistence.o)
                0x1c075450                persistence_save_all_current_settings
 .text.persistence_load_group_current_settings
                0x1c075464       0x30 /home/jifukui/jifukuistudy/work/BCM5333x/systems/bcm95333x/lib/libcfe.a(persistence.o)
                0x1c075464                persistence_load_group_current_settings
 .text.persistence_save_current_settings
                0x1c075494       0x30 /home/jifukui/jifukuistudy/work/BCM5333x/systems/bcm95333x/lib/libcfe.a(persistence.o)
                0x1c075494                persistence_save_current_settings
 .text.persistence_save_group_current_settings
                0x1c0754c4       0x30 /home/jifukui/jifukuistudy/work/BCM5333x/systems/bcm95333x/lib/libcfe.a(persistence.o)
                0x1c0754c4                persistence_save_group_current_settings
 .text.persistence_validate_current_settings
                0x1c0754f4       0x24 /home/jifukui/jifukuistudy/work/BCM5333x/systems/bcm95333x/lib/libcfe.a(persistence.o)
                0x1c0754f4                persistence_validate_current_settings
 .text.persistence_restore_factory_defaults
                0x1c075518       0x28 /home/jifukui/jifukuistudy/work/BCM5333x/systems/bcm95333x/lib/libcfe.a(persistence.o)
                0x1c075518                persistence_restore_factory_defaults
 .text.persistence_backup_to_memory
                0x1c075540       0x44 /home/jifukui/jifukuistudy/work/BCM5333x/systems/bcm95333x/lib/libcfe.a(persistence.o)
                0x1c075540                persistence_backup_to_memory
 .text.persistence_restore_from_memory
                0x1c075584       0x44 /home/jifukui/jifukuistudy/work/BCM5333x/systems/bcm95333x/lib/libcfe.a(persistence.o)
                0x1c075584                persistence_restore_from_memory
 .text.persistence_validate_data_in_memory
                0x1c0755c8       0x40 /home/jifukui/jifukuistudy/work/BCM5333x/systems/bcm95333x/lib/libcfe.a(persistence.o)
                0x1c0755c8                persistence_validate_data_in_memory
 .text.serl_read
                0x1c075608       0x48 /home/jifukui/jifukuistudy/work/BCM5333x/systems/bcm95333x/lib/libcfe.a(serialize.o)
 .text.serl_write
                0x1c075650       0x48 /home/jifukui/jifukuistudy/work/BCM5333x/systems/bcm95333x/lib/libcfe.a(serialize.o)
 .text.serl_read_uint32
                0x1c075698       0x3c /home/jifukui/jifukuistudy/work/BCM5333x/systems/bcm95333x/lib/libcfe.a(serialize.o)
 .text.serl_write_uint32
                0x1c0756d4       0x38 /home/jifukui/jifukuistudy/work/BCM5333x/systems/bcm95333x/lib/libcfe.a(serialize.o)
 .text.serl_read_uint16
                0x1c07570c       0x3c /home/jifukui/jifukuistudy/work/BCM5333x/systems/bcm95333x/lib/libcfe.a(serialize.o)
 .text.serl_write_uint16
                0x1c075748       0x38 /home/jifukui/jifukuistudy/work/BCM5333x/systems/bcm95333x/lib/libcfe.a(serialize.o)
 .text.register_serializer
                0x1c075780       0xc8 /home/jifukui/jifukuistudy/work/BCM5333x/systems/bcm95333x/lib/libcfe.a(serialize.o)
 .text.register_binary_serializer
                0x1c075848       0x28 /home/jifukui/jifukuistudy/work/BCM5333x/systems/bcm95333x/lib/libcfe.a(serialize.o)
                0x1c075848                register_binary_serializer
 .text.serialize_item
                0x1c075870      0x2c0 /home/jifukui/jifukuistudy/work/BCM5333x/systems/bcm95333x/lib/libcfe.a(serialize.o)
 .text.serialize_by_groups
                0x1c075b30      0x124 /home/jifukui/jifukuistudy/work/BCM5333x/systems/bcm95333x/lib/libcfe.a(serialize.o)
                0x1c075b30                serialize_by_groups
 .text.serialize_by_name
                0x1c075c54      0x144 /home/jifukui/jifukuistudy/work/BCM5333x/systems/bcm95333x/lib/libcfe.a(serialize.o)
                0x1c075c54                serialize_by_name
 .text.serialize_medium_for_validation
                0x1c075d98       0xfc /home/jifukui/jifukuistudy/work/BCM5333x/systems/bcm95333x/lib/libcfe.a(serialize.o)
                0x1c075d98                serialize_medium_for_validation
 .text.cleanup  0x1c075e94       0x4c /home/jifukui/jifukuistudy/work/BCM5333x/systems/bcm95333x/lib/libcfe.a(flash_medium.o)
 .text.medium_open
                0x1c075ee0      0x208 /home/jifukui/jifukuistudy/work/BCM5333x/systems/bcm95333x/lib/libcfe.a(flash_medium.o)
 .text.medium_close
                0x1c0760e8      0x130 /home/jifukui/jifukuistudy/work/BCM5333x/systems/bcm95333x/lib/libcfe.a(flash_medium.o)
 .text.medium_item_begin
                0x1c076218      0x15c /home/jifukui/jifukuistudy/work/BCM5333x/systems/bcm95333x/lib/libcfe.a(flash_medium.o)
 .text.medium_item_end
                0x1c076374       0x60 /home/jifukui/jifukuistudy/work/BCM5333x/systems/bcm95333x/lib/libcfe.a(flash_medium.o)
 .text.medium_item_size
                0x1c0763d4       0x48 /home/jifukui/jifukuistudy/work/BCM5333x/systems/bcm95333x/lib/libcfe.a(flash_medium.o)
 .text.medium_item_version
                0x1c07641c       0x38 /home/jifukui/jifukuistudy/work/BCM5333x/systems/bcm95333x/lib/libcfe.a(flash_medium.o)
 .text.medium_read
                0x1c076454       0x94 /home/jifukui/jifukuistudy/work/BCM5333x/systems/bcm95333x/lib/libcfe.a(flash_medium.o)
 .text.medium_write
                0x1c0764e8       0xd4 /home/jifukui/jifukuistudy/work/BCM5333x/systems/bcm95333x/lib/libcfe.a(flash_medium.o)
 .text.medium_seek
                0x1c0765bc       0x18 /home/jifukui/jifukuistudy/work/BCM5333x/systems/bcm95333x/lib/libcfe.a(flash_medium.o)
 .text.medium_medium_properties
                0x1c0765d4       0x18 /home/jifukui/jifukuistudy/work/BCM5333x/systems/bcm95333x/lib/libcfe.a(flash_medium.o)
 .text.medium_get_total_data_size
                0x1c0765ec       0x18 /home/jifukui/jifukuistudy/work/BCM5333x/systems/bcm95333x/lib/libcfe.a(flash_medium.o)
 .text.medium_get_valid_groups
                0x1c076604       0x18 /home/jifukui/jifukuistudy/work/BCM5333x/systems/bcm95333x/lib/libcfe.a(flash_medium.o)
 .text.medium_get_medium_identification
                0x1c07661c       0x1c /home/jifukui/jifukuistudy/work/BCM5333x/systems/bcm95333x/lib/libcfe.a(flash_medium.o)
 .text.flash_medium_initialize
                0x1c076638       0xcc /home/jifukui/jifukuistudy/work/BCM5333x/systems/bcm95333x/lib/libcfe.a(flash_medium.o)
                0x1c076638                flash_medium_initialize
 .text.find_item
                0x1c076704       0xb4 /home/jifukui/jifukuistudy/work/BCM5333x/systems/bcm95333x/lib/libcfe.a(ramtxt_medium.o)
 .text.encode_binary
                0x1c0767b8       0x44 /home/jifukui/jifukuistudy/work/BCM5333x/systems/bcm95333x/lib/libcfe.a(ramtxt_medium.o)
 .text.medium_initialize
                0x1c0767fc       0xc0 /home/jifukui/jifukuistudy/work/BCM5333x/systems/bcm95333x/lib/libcfe.a(ramtxt_medium.o)
 .text.medium_open
                0x1c0768bc      0x258 /home/jifukui/jifukuistudy/work/BCM5333x/systems/bcm95333x/lib/libcfe.a(ramtxt_medium.o)
 .text.medium_close
                0x1c076b14       0x68 /home/jifukui/jifukuistudy/work/BCM5333x/systems/bcm95333x/lib/libcfe.a(ramtxt_medium.o)
 .text.medium_item_begin
                0x1c076b7c       0x90 /home/jifukui/jifukuistudy/work/BCM5333x/systems/bcm95333x/lib/libcfe.a(ramtxt_medium.o)
 .text.medium_item_end
                0x1c076c0c       0xc4 /home/jifukui/jifukuistudy/work/BCM5333x/systems/bcm95333x/lib/libcfe.a(ramtxt_medium.o)
 .text.medium_item_size
                0x1c076cd0       0x7c /home/jifukui/jifukuistudy/work/BCM5333x/systems/bcm95333x/lib/libcfe.a(ramtxt_medium.o)
 .text.medium_item_version
                0x1c076d4c       0x18 /home/jifukui/jifukuistudy/work/BCM5333x/systems/bcm95333x/lib/libcfe.a(ramtxt_medium.o)
 .text.medium_read
                0x1c076d64      0x138 /home/jifukui/jifukuistudy/work/BCM5333x/systems/bcm95333x/lib/libcfe.a(ramtxt_medium.o)
 .text.medium_write
                0x1c076e9c       0xec /home/jifukui/jifukuistudy/work/BCM5333x/systems/bcm95333x/lib/libcfe.a(ramtxt_medium.o)
 .text.medium_seek
                0x1c076f88       0x18 /home/jifukui/jifukuistudy/work/BCM5333x/systems/bcm95333x/lib/libcfe.a(ramtxt_medium.o)
 .text.medium_medium_properties
                0x1c076fa0       0x18 /home/jifukui/jifukuistudy/work/BCM5333x/systems/bcm95333x/lib/libcfe.a(ramtxt_medium.o)
 .text.medium_get_total_data_size
                0x1c076fb8       0x18 /home/jifukui/jifukuistudy/work/BCM5333x/systems/bcm95333x/lib/libcfe.a(ramtxt_medium.o)
 .text.medium_get_valid_groups
                0x1c076fd0       0x18 /home/jifukui/jifukuistudy/work/BCM5333x/systems/bcm95333x/lib/libcfe.a(ramtxt_medium.o)
 .text.medium_get_medium_identification
                0x1c076fe8       0x1c /home/jifukui/jifukuistudy/work/BCM5333x/systems/bcm95333x/lib/libcfe.a(ramtxt_medium.o)
 .text.ramtxt_medium_initalize
                0x1c077004       0x1c /home/jifukui/jifukuistudy/work/BCM5333x/systems/bcm95333x/lib/libcfe.a(ramtxt_medium.o)
                0x1c077004                ramtxt_medium_initalize
 .text.serializers_init
                0x1c077020      0x2a8 /home/jifukui/jifukuistudy/work/BCM5333x/systems/bcm95333x/lib/libcfe.a(serializers.o)
                0x1c077020                serializers_init
 .text.vlan_serializer
                0x1c0772c8      0x3b0 /home/jifukui/jifukuistudy/work/BCM5333x/systems/bcm95333x/lib/libcfe.a(vlan.o)
                0x1c0772c8                vlan_serializer
 .text.pvid_serializer
                0x1c077678       0xf8 /home/jifukui/jifukuistudy/work/BCM5333x/systems/bcm95333x/lib/libcfe.a(vlan.o)
                0x1c077678                pvid_serializer
 .text.lag_serializer
                0x1c077770      0x124 /home/jifukui/jifukuistudy/work/BCM5333x/systems/bcm95333x/lib/libcfe.a(lag.o)
                0x1c077770                lag_serializer
 .text.loopdetect_serializer
                0x1c077894       0x70 /home/jifukui/jifukuistudy/work/BCM5333x/systems/bcm95333x/lib/libcfe.a(loopdetect.o)
                0x1c077894                loopdetect_serializer
 .text.system_name_serializer
                0x1c077904       0x84 /home/jifukui/jifukuistudy/work/BCM5333x/systems/bcm95333x/lib/libcfe.a(system.o)
                0x1c077904                system_name_serializer
 .text.port_desc_serializer
                0x1c077988      0x108 /home/jifukui/jifukuistudy/work/BCM5333x/systems/bcm95333x/lib/libcfe.a(system.o)
                0x1c077988                port_desc_serializer
 .text.port_enable_serializer
                0x1c077a90       0xdc /home/jifukui/jifukuistudy/work/BCM5333x/systems/bcm95333x/lib/libcfe.a(system.o)
                0x1c077a90                port_enable_serializer
 .text.registration_status_serializer
                0x1c077b6c       0x78 /home/jifukui/jifukuistudy/work/BCM5333x/systems/bcm95333x/lib/libcfe.a(system.o)
                0x1c077b6c                registration_status_serializer
 .text.flash_init
                0x1c077be4       0xc0 /home/jifukui/jifukuistudy/work/BCM5333x/systems/bcm95333x/lib/libcfe.a(flash.o)
                0x1c077be4                flash_init
 .text.flash_dev_get
                0x1c077ca4       0x34 /home/jifukui/jifukuistudy/work/BCM5333x/systems/bcm95333x/lib/libcfe.a(flash.o)
                0x1c077ca4                flash_dev_get
 .text.flash_block_size
                0x1c077cd8       0xa4 /home/jifukui/jifukuistudy/work/BCM5333x/systems/bcm95333x/lib/libcfe.a(flash.o)
                0x1c077cd8                flash_block_size
 .text.flash_block_begin
                0x1c077d7c       0x40 /home/jifukui/jifukuistudy/work/BCM5333x/systems/bcm95333x/lib/libcfe.a(flash.o)
 .text.flash_erase
                0x1c077dbc       0xc4 /home/jifukui/jifukuistudy/work/BCM5333x/systems/bcm95333x/lib/libcfe.a(flash.o)
                0x1c077dbc                flash_erase
 .text.flash_program
                0x1c077e80      0x108 /home/jifukui/jifukuistudy/work/BCM5333x/systems/bcm95333x/lib/libcfe.a(flash.o)
                0x1c077e80                flash_program
 .text.flash_read
                0x1c077f88      0x138 /home/jifukui/jifukuistudy/work/BCM5333x/systems/bcm95333x/lib/libcfe.a(flash.o)
                0x1c077f88                flash_read
 .text.bcm5333x_handle_link_up
                0x1c0780c0      0x84c /home/jifukui/jifukuistudy/work/BCM5333x/systems/bcm95333x/lib/libcfe.a(hr2switch.o)
                0x1c0780c0                bcm5333x_handle_link_up
 .text.bcm5333x_handle_link_down
                0x1c07890c      0x114 /home/jifukui/jifukuistudy/work/BCM5333x/systems/bcm95333x/lib/libcfe.a(hr2switch.o)
                0x1c07890c                bcm5333x_handle_link_down
 .text.bcm5333x_linkscan_task
                0x1c078a20      0x204 /home/jifukui/jifukuistudy/work/BCM5333x/systems/bcm95333x/lib/libcfe.a(hr2switch.o)
                0x1c078a20                bcm5333x_linkscan_task
 .text.soc_hr2_xlport_reset
                0x1c078c24      0x140 /home/jifukui/jifukuistudy/work/BCM5333x/systems/bcm95333x/lib/libcfe.a(hr2switch.o)
 .text.soc_hr2_tsc_reset
                0x1c078d64       0x7c /home/jifukui/jifukuistudy/work/BCM5333x/systems/bcm95333x/lib/libcfe.a(hr2switch.o)
 .text.soc_reset
                0x1c078de0      0x2a8 /home/jifukui/jifukuistudy/work/BCM5333x/systems/bcm95333x/lib/libcfe.a(hr2switch.o)
                0x1c078de0                soc_reset
 .text.bcm5333x_chip_type
                0x1c079088       0x10 /home/jifukui/jifukuistudy/work/BCM5333x/systems/bcm95333x/lib/libcfe.a(hr2switch.o)
                0x1c079088                bcm5333x_chip_type
 .text.bcm5333x_port_count
                0x1c079098       0x30 /home/jifukui/jifukuistudy/work/BCM5333x/systems/bcm95333x/lib/libcfe.a(hr2switch.o)
                0x1c079098                bcm5333x_port_count
 .text.bcm5333x_link_status
                0x1c0790c8       0x50 /home/jifukui/jifukuistudy/work/BCM5333x/systems/bcm95333x/lib/libcfe.a(hr2switch.o)
                0x1c0790c8                bcm5333x_link_status
 .text.bcm5333x_sw_op
                0x1c079118      0x150 /home/jifukui/jifukuistudy/work/BCM5333x/systems/bcm95333x/lib/libcfe.a(hr2switch.o)
 .text.bcm5333x_phy_reg_get
                0x1c079268       0x2c /home/jifukui/jifukuistudy/work/BCM5333x/systems/bcm95333x/lib/libcfe.a(hr2switch.o)
                0x1c079268                bcm5333x_phy_reg_get
 .text.bcm5333x_phy_reg_set
                0x1c079294       0x28 /home/jifukui/jifukuistudy/work/BCM5333x/systems/bcm95333x/lib/libcfe.a(hr2switch.o)
                0x1c079294                bcm5333x_phy_reg_set
 .text.bcm5333x_reg_get
                0x1c0792bc       0x38 /home/jifukui/jifukuistudy/work/BCM5333x/systems/bcm95333x/lib/libcfe.a(hr2switch.o)
                0x1c0792bc                bcm5333x_reg_get
 .text.bcm5333x_reg_set
                0x1c0792f4       0x38 /home/jifukui/jifukuistudy/work/BCM5333x/systems/bcm95333x/lib/libcfe.a(hr2switch.o)
                0x1c0792f4                bcm5333x_reg_set
 .text.bcm5333x_reg64_get
                0x1c07932c       0x38 /home/jifukui/jifukuistudy/work/BCM5333x/systems/bcm95333x/lib/libcfe.a(hr2switch.o)
                0x1c07932c                bcm5333x_reg64_get
 .text.bcm5333x_reg64_set
                0x1c079364       0x38 /home/jifukui/jifukuistudy/work/BCM5333x/systems/bcm95333x/lib/libcfe.a(hr2switch.o)
                0x1c079364                bcm5333x_reg64_set
 .text.bcm5333x_mem_get
                0x1c07939c       0x38 /home/jifukui/jifukuistudy/work/BCM5333x/systems/bcm95333x/lib/libcfe.a(hr2switch.o)
                0x1c07939c                bcm5333x_mem_get
 .text.bcm5333x_mem_set
                0x1c0793d4       0x38 /home/jifukui/jifukuistudy/work/BCM5333x/systems/bcm95333x/lib/libcfe.a(hr2switch.o)
                0x1c0793d4                bcm5333x_mem_set
 .text.bcm5333x_chip_revision
                0x1c07940c       0x54 /home/jifukui/jifukuistudy/work/BCM5333x/systems/bcm95333x/lib/libcfe.a(hr2switch.o)
                0x1c07940c                bcm5333x_chip_revision
 .text.bcm5333x_load_led_program
                0x1c079460      0x200 /home/jifukui/jifukuistudy/work/BCM5333x/systems/bcm95333x/lib/libcfe.a(hr2switch.o)
 .text.bcm5333x_l2_op
                0x1c079660      0x128 /home/jifukui/jifukuistudy/work/BCM5333x/systems/bcm95333x/lib/libcfe.a(hr2switch.o)
                0x1c079660                bcm5333x_l2_op
 .text.enable_jumbo_frame
                0x1c079788       0xd0 /home/jifukui/jifukuistudy/work/BCM5333x/systems/bcm95333x/lib/libcfe.a(hr2switch.o)
 .text.soc_pipe_mem_clear
                0x1c079858       0xb4 /home/jifukui/jifukuistudy/work/BCM5333x/systems/bcm95333x/lib/libcfe.a(hr2switch.o)
 .text.soc_port_block_info_get
                0x1c07990c       0xe8 /home/jifukui/jifukuistudy/work/BCM5333x/systems/bcm95333x/lib/libcfe.a(hr2switch.o)
 .text.soc_init_port_mapping
                0x1c0799f4      0x4b4 /home/jifukui/jifukuistudy/work/BCM5333x/systems/bcm95333x/lib/libcfe.a(hr2switch.o)
 .text.ccb_mii_write
                0x1c079ea8       0xbc /home/jifukui/jifukuistudy/work/BCM5333x/systems/bcm95333x/lib/libcfe.a(hr2switch.o)
 .text.soc_port_num_lanes
                0x1c079f64       0xf4 /home/jifukui/jifukuistudy/work/BCM5333x/systems/bcm95333x/lib/libcfe.a(hr2switch.o)
 .text.soc_misc_init
                0x1c07a058      0x598 /home/jifukui/jifukuistudy/work/BCM5333x/systems/bcm95333x/lib/libcfe.a(hr2switch.o)
 .text.soc_mmu_init
                0x1c07a5f0      0x494 /home/jifukui/jifukuistudy/work/BCM5333x/systems/bcm95333x/lib/libcfe.a(hr2switch.o)
 .text.config_schedule_mode
                0x1c07aa84      0x110 /home/jifukui/jifukuistudy/work/BCM5333x/systems/bcm95333x/lib/libcfe.a(hr2switch.o)
 .text._bcm5333x_lag_group_fp_set
                0x1c07ab94      0x16c /home/jifukui/jifukuistudy/work/BCM5333x/systems/bcm95333x/lib/libcfe.a(hr2switch.o)
 .text.bcm5333x_lag_group_set
                0x1c07ad00      0x3a4 /home/jifukui/jifukuistudy/work/BCM5333x/systems/bcm95333x/lib/libcfe.a(hr2switch.o)
                0x1c07ad00                bcm5333x_lag_group_set
 .text.bcm5333x_lag_group_get
                0x1c07b0a4       0x3c /home/jifukui/jifukuistudy/work/BCM5333x/systems/bcm95333x/lib/libcfe.a(hr2switch.o)
                0x1c07b0a4                bcm5333x_lag_group_get
 .text.bcm5333x_system_init
                0x1c07b0e0      0x4dc /home/jifukui/jifukuistudy/work/BCM5333x/systems/bcm95333x/lib/libcfe.a(hr2switch.o)
 .text._bmd_post_init
                0x1c07b5bc      0x3c0 /home/jifukui/jifukuistudy/work/BCM5333x/systems/bcm95333x/lib/libcfe.a(hr2switch.o)
 .text._firmware_helper
                0x1c07b97c      0x180 /home/jifukui/jifukuistudy/work/BCM5333x/systems/bcm95333x/lib/libcfe.a(hr2switch.o)
                0x1c07b97c                _firmware_helper
 .text.bcm5333x_sw_init
                0x1c07bafc     0x18d0 /home/jifukui/jifukuistudy/work/BCM5333x/systems/bcm95333x/lib/libcfe.a(hr2switch.o)
                0x1c07bafc                bcm5333x_sw_init
 .text.bcm5333x_dm_to_xy
                0x1c07d3cc      0x338 /home/jifukui/jifukuistudy/work/BCM5333x/systems/bcm95333x/lib/libcfe.a(hr2switch.o)
                0x1c07d3cc                bcm5333x_dm_to_xy
 .text.bcm5333x_xy_to_dm
                0x1c07d704      0x324 /home/jifukui/jifukuistudy/work/BCM5333x/systems/bcm95333x/lib/libcfe.a(hr2switch.o)
                0x1c07d704                bcm5333x_xy_to_dm
 .text.bcm5333x_loopback_enable
                0x1c07da28      0x5f4 /home/jifukui/jifukuistudy/work/BCM5333x/systems/bcm95333x/lib/libcfe.a(hr2switch.o)
                0x1c07da28                bcm5333x_loopback_enable
 .text.bcm5333x_port_info_get
                0x1c07e01c      0x808 /home/jifukui/jifukuistudy/work/BCM5333x/systems/bcm95333x/lib/libcfe.a(hr2switch.o)
                0x1c07e01c                bcm5333x_port_info_get
 .text.bcm5333x_rx_direct
                0x1c07e824       0x90 /home/jifukui/jifukuistudy/work/BCM5333x/systems/bcm95333x/lib/libcfe.a(hr2rxtx.o)
 .text.bcm5333x_rx_refill
                0x1c07e8b4       0xd8 /home/jifukui/jifukuistudy/work/BCM5333x/systems/bcm95333x/lib/libcfe.a(hr2rxtx.o)
 .text.bcm5333x_rx_retrieve
                0x1c07e98c       0x64 /home/jifukui/jifukuistudy/work/BCM5333x/systems/bcm95333x/lib/libcfe.a(hr2rxtx.o)
 .text.bcm5333x_rxtx_task
                0x1c07e9f0      0x23c /home/jifukui/jifukuistudy/work/BCM5333x/systems/bcm95333x/lib/libcfe.a(hr2rxtx.o)
 .text.bcm5333x_rxtx_stop
                0x1c07ec2c      0x13c /home/jifukui/jifukuistudy/work/BCM5333x/systems/bcm95333x/lib/libcfe.a(hr2rxtx.o)
                0x1c07ec2c                bcm5333x_rxtx_stop
 .text.bcm5333x_rxtx_init
                0x1c07ed68      0x16c /home/jifukui/jifukuistudy/work/BCM5333x/systems/bcm95333x/lib/libcfe.a(hr2rxtx.o)
                0x1c07ed68                bcm5333x_rxtx_init
 .text.bcm5333x_tx_internal
                0x1c07eed4      0x198 /home/jifukui/jifukuistudy/work/BCM5333x/systems/bcm95333x/lib/libcfe.a(hr2rxtx.o)
 .text.bcm5333x_tx
                0x1c07f06c       0x7c /home/jifukui/jifukuistudy/work/BCM5333x/systems/bcm95333x/lib/libcfe.a(hr2rxtx.o)
                0x1c07f06c                bcm5333x_tx
 .text.bcm5333x_rx_set_handler
                0x1c07f0e8       0x6c /home/jifukui/jifukuistudy/work/BCM5333x/systems/bcm95333x/lib/libcfe.a(hr2rxtx.o)
                0x1c07f0e8                bcm5333x_rx_set_handler
 .text.bcm5333x_rx_fill_buffer
                0x1c07f154      0x138 /home/jifukui/jifukuistudy/work/BCM5333x/systems/bcm95333x/lib/libcfe.a(hr2rxtx.o)
                0x1c07f154                bcm5333x_rx_fill_buffer
 .text.bcm5333x_pvlan_egress_set
                0x1c07f28c       0x9c /home/jifukui/jifukuistudy/work/BCM5333x/systems/bcm95333x/lib/libcfe.a(hr2vlan.o)
                0x1c07f28c                bcm5333x_pvlan_egress_set
 .text.bcm5333x_pvlan_egress_get
                0x1c07f328       0x44 /home/jifukui/jifukuistudy/work/BCM5333x/systems/bcm95333x/lib/libcfe.a(hr2vlan.o)
                0x1c07f328                bcm5333x_pvlan_egress_get
 .text.bcm5333x_qvlan_port_set
                0x1c07f36c       0xe8 /home/jifukui/jifukuistudy/work/BCM5333x/systems/bcm95333x/lib/libcfe.a(hr2vlan.o)
                0x1c07f36c                bcm5333x_qvlan_port_set
 .text.bcm5333x_vlan_l3_ipmc_set
                0x1c07f454       0x84 /home/jifukui/jifukuistudy/work/BCM5333x/systems/bcm95333x/lib/libcfe.a(hr2vlan.o)
                0x1c07f454                bcm5333x_vlan_l3_ipmc_set
 .text.bcm5333x_vlan_l3_ipmc_get
                0x1c07f4d8       0x8c /home/jifukui/jifukuistudy/work/BCM5333x/systems/bcm95333x/lib/libcfe.a(hr2vlan.o)
                0x1c07f4d8                bcm5333x_vlan_l3_ipmc_get
 .text.bcm5333x_l3_ipmc_set
                0x1c07f564       0xb0 /home/jifukui/jifukuistudy/work/BCM5333x/systems/bcm95333x/lib/libcfe.a(hr2vlan.o)
                0x1c07f564                bcm5333x_l3_ipmc_set
 .text.bcm5333x_l3_ipmc_del
                0x1c07f614       0x48 /home/jifukui/jifukuistudy/work/BCM5333x/systems/bcm95333x/lib/libcfe.a(hr2vlan.o)
                0x1c07f614                bcm5333x_l3_ipmc_del
 .text.bcm5333x_l3_ipmc_get
                0x1c07f65c       0x94 /home/jifukui/jifukuistudy/work/BCM5333x/systems/bcm95333x/lib/libcfe.a(hr2vlan.o)
                0x1c07f65c                bcm5333x_l3_ipmc_get
 .text.bcm5333x_qvlan_port_get
                0x1c07f6f0       0x98 /home/jifukui/jifukuistudy/work/BCM5333x/systems/bcm95333x/lib/libcfe.a(hr2vlan.o)
                0x1c07f6f0                bcm5333x_qvlan_port_get
 .text.bcm5333x_vlan_create
                0x1c07f788       0x88 /home/jifukui/jifukuistudy/work/BCM5333x/systems/bcm95333x/lib/libcfe.a(hr2vlan.o)
                0x1c07f788                bcm5333x_vlan_create
 .text.bcm5333x_vlan_destroy
                0x1c07f810       0x68 /home/jifukui/jifukuistudy/work/BCM5333x/systems/bcm95333x/lib/libcfe.a(hr2vlan.o)
                0x1c07f810                bcm5333x_vlan_destroy
 .text.bcm5333x_vlan_type_set
                0x1c07f878      0x284 /home/jifukui/jifukuistudy/work/BCM5333x/systems/bcm95333x/lib/libcfe.a(hr2vlan.o)
                0x1c07f878                bcm5333x_vlan_type_set
 .text.bcm5333x_vlan_reset
                0x1c07fafc      0x238 /home/jifukui/jifukuistudy/work/BCM5333x/systems/bcm95333x/lib/libcfe.a(hr2vlan.o)
                0x1c07fafc                bcm5333x_vlan_reset
 .text.bcm5333x_rate_init
                0x1c07fd34      0x17c /home/jifukui/jifukuistudy/work/BCM5333x/systems/bcm95333x/lib/libcfe.a(hr2port.o)
                0x1c07fd34                bcm5333x_rate_init
 .text.bcm5333x_qos_init
                0x1c07feb0      0x384 /home/jifukui/jifukuistudy/work/BCM5333x/systems/bcm95333x/lib/libcfe.a(hr2port.o)
                0x1c07feb0                bcm5333x_qos_init
 .text.bcm5333x_dscp_map_enable
                0x1c080234       0x6c /home/jifukui/jifukuistudy/work/BCM5333x/systems/bcm95333x/lib/libcfe.a(hr2port.o)